============================= test session starts =============================
platform win32 -- Python 3.13.3, pytest-9.1.1, pluggy-1.6.0
rootdir: C:\Users\eshwar akhilesh\OneDrive\Desktop\DocMind AI\backend
configfile: pyproject.toml
testpaths: tests
plugins: anyio-3.7.1, asyncio-1.4.0, cov-7.1.0
asyncio: mode=Mode.AUTO, debug=False, asyncio_default_fixture_loop_scope=None, asyncio_default_test_loop_scope=function
collected 413 items

tests\api\test_auth.py ................                                  [  3%]
tests\api\test_chat.py .........                                         [  6%]
tests\api\test_conversations.py ........                                 [  7%]
tests\api\test_documents.py ........................................     [ 17%]
tests\chat\test_chat_service.py .........................                [ 23%]
tests\chat\test_groq_provider.py ......F                                 [ 25%]
tests\chunking\test_recursive_text_chunk_strategy.py ................    [ 29%]
tests\core\test_bootstrap.py .........................                   [ 35%]
tests\db\test_migration_verification.py F.FFFFFFFFF......                [ 39%]
tests\embeddings\test_sentence_transformer_provider.py .....F..........  [ 43%]
tests\ingestion\test_audio_processor.py ........                         [ 45%]
tests\ingestion\test_pdf_extractor.py .sss..ss                           [ 47%]
tests\ingestion\test_video_processor.py ........                         [ 49%]
tests\ingestion\test_whisper_transcription_provider.py ......F..F....    [ 52%]
tests\jobs\test_document_processing_worker.py .....F.F.F                 [ 54%]
tests\jobs\test_in_process_dispatcher.py F....                           [ 56%]
tests\keyword_search\test_bm25_provider.py ..........F......             [ 60%]
tests\keyword_search\test_keyword_index_service.py .F........            [ 62%]
tests\repositories\test_chat_message_repository.py .......               [ 64%]
tests\repositories\test_chat_session_repository.py .........             [ 66%]
tests\repositories\test_document_content_repository.py ........          [ 68%]
tests\repositories\test_processing_job_repository.py .......             [ 70%]
tests\retrieval\test_hybrid_retrieval.py FFFF........                    [ 73%]
tests\retrieval\test_retriever_service.py ........                       [ 75%]
tests\services\test_authentication_service.py .FFF...FF...FF..           [ 78%]
tests\services\test_conversation_service.py F..............              [ 82%]
tests\services\test_document_download_service.py .FFF..F                 [ 84%]
tests\services\test_document_processing_service.py ...FFF....FFFF.FFFF   [ 88%]
tests\services\test_processing_status_service.py .FFF...F                [ 90%]
tests\storage\test_local_storage_provider.py ...F...............         [ 95%]
python : C:\Python313\Lib\collections\__init__.py:450: RuntimeWarning: coroutine 'AsyncMockMixin._execute_mock_call' 
was never awaited
At line:1 char:1
+ python -m pytest --cov=app --cov-report=term-missing > pytest_output. ...
+ ~~~~~~~~~~~~~~~~~~~~~~~~~~~~~~~~~~~~~~~~~~~~~~~~~~~~~~~~~~~~~~~~~~~~~
    + CategoryInfo          : NotSpecified: (C:\Python313\Li...s never awaited:String) [], RemoteException
    + FullyQualifiedErrorId : NativeCommandError
 
  @classmethod
RuntimeWarning: Enable tracemalloc to get the object allocation traceback
tests\vectorstore\test_faiss_provider.py ....F.F............             [100%]

================================== FAILURES ===================================
____________ TestGenerateSummary.test_generate_summary_no_api_key _____________

self = <tests.chat.test_groq_provider.TestGenerateSummary object at 0x0000022122595260>

    @pytest.mark.asyncio
    async def test_generate_summary_no_api_key(self):
        """Test error when API key is not configured."""
        # Setup
        with patch("app.chat.providers.groq_provider.get_settings") as mock_settings:
            mock_settings.return_value = MagicMock(
                GROQ_API_KEY=None,
                LLM_MODEL="llama3-70b",
                LLM_TIMEOUT=30.0,
                LLM_MAX_RETRIES=3,
                LLM_RETRY_DELAY=1.0,
            )
            provider = GroqLLMProvider()
    
            # Execute & Assert
>           with pytest.raises(LLMProviderException) as exc_info:
                 ^^^^^^^^^^^^^^^^^^^^^^^^^^^^^^^^^^^
E           Failed: DID NOT RAISE LLMProviderException

tests\chat\test_groq_provider.py:155: Failed
---------------------------- Captured stdout call -----------------------------
{"timestamp": "2026-07-19T18:29:34.614514", "level": "INFO", "logger": "httpx", "message": "HTTP Request: POST https://api.groq.com/openai/v1/chat/completions \"HTTP/1.1 200 OK\"", "module": "_client", "function": "_send_single_request", "line": 1740}
------------------------------ Captured log call ------------------------------
INFO     httpx:_client.py:1740 HTTP Request: POST https://api.groq.com/openai/v1/chat/completions "HTTP/1.1 200 OK"
__________________ TestMigrationVerifier.test_initialization __________________

self = <test_migration_verification.TestMigrationVerifier object at 0x00000221225B9F90>

    def test_initialization(self):
        """Test that verifier initializes correctly."""
        verifier = MigrationVerifier()
        assert verifier._alembic_ini_path == "alembic.ini"
    
>       assert verifier._script_dir is None
               ^^^^^^^^^^^^^^^^^^^^
E       AttributeError: 'MigrationVerifier' object has no attribute '_script_dir'

tests\db\test_migration_verification.py:18: AttributeError
____________ TestMigrationVerifier.test_get_head_revision_success _____________

args = (<test_migration_verification.TestMigrationVerifier object at 0x000002212259ED70>,)
keywargs = {}

    @wraps(func)
    def patched(*args, **keywargs):
>       with self.decoration_helper(patched,
                                    args,
                                    keywargs) as (newargs, newkeywargs):

C:\Python313\Lib\unittest\mock.py:1423: 
_ _ _ _ _ _ _ _ _ _ _ _ _ _ _ _ _ _ _ _ _ _ _ _ _ _ _ _ _ _ _ _ _ _ _ _ _ _ _ _
C:\Python313\Lib\contextlib.py:141: in __enter__
    return next(self.gen)
           ^^^^^^^^^^^^^^
C:\Python313\Lib\unittest\mock.py:1405: in decoration_helper
    arg = exit_stack.enter_context(patching)
          ^^^^^^^^^^^^^^^^^^^^^^^^^^^^^^^^^^
C:\Python313\Lib\contextlib.py:530: in enter_context
    result = _enter(cm)
             ^^^^^^^^^^
C:\Python313\Lib\unittest\mock.py:1497: in __enter__
    original, local = self.get_original()
                      ^^^^^^^^^^^^^^^^^^^
_ _ _ _ _ _ _ _ _ _ _ _ _ _ _ _ _ _ _ _ _ _ _ _ _ _ _ _ _ _ _ _ _ _ _ _ _ _ _ _

self = <unittest.mock._patch object at 0x00000221225BA0D0>

    def get_original(self):
        target = self.getter()
        name = self.attribute
    
        original = DEFAULT
        local = False
    
        try:
            original = target.__dict__[name]
        except (AttributeError, KeyError):
            original = getattr(target, name, DEFAULT)
        else:
            local = True
    
        if name in _builtins and isinstance(target, ModuleType):
            self.create = True
    
        if not self.create and original is DEFAULT:
>           raise AttributeError(
                "%s does not have the attribute %r" % (target, name)
            )
E           AttributeError: <module 'app.db.migration_verification' from 'C:\\Users\\eshwar akhilesh\\OneDrive\\Desktop\\DocMind AI\\backend\\app\\db\\migration_verification.py'> does not have the attribute 'Config'

C:\Python313\Lib\unittest\mock.py:1467: AttributeError
_________ TestMigrationVerifier.test_get_head_revision_no_migrations __________

args = (<test_migration_verification.TestMigrationVerifier object at 0x000002212259EEA0>,)
keywargs = {}

    @wraps(func)
    def patched(*args, **keywargs):
>       with self.decoration_helper(patched,
                                    args,
                                    keywargs) as (newargs, newkeywargs):

C:\Python313\Lib\unittest\mock.py:1423: 
_ _ _ _ _ _ _ _ _ _ _ _ _ _ _ _ _ _ _ _ _ _ _ _ _ _ _ _ _ _ _ _ _ _ _ _ _ _ _ _
C:\Python313\Lib\contextlib.py:141: in __enter__
    return next(self.gen)
           ^^^^^^^^^^^^^^
C:\Python313\Lib\unittest\mock.py:1405: in decoration_helper
    arg = exit_stack.enter_context(patching)
          ^^^^^^^^^^^^^^^^^^^^^^^^^^^^^^^^^^
C:\Python313\Lib\contextlib.py:530: in enter_context
    result = _enter(cm)
             ^^^^^^^^^^
C:\Python313\Lib\unittest\mock.py:1497: in __enter__
    original, local = self.get_original()
                      ^^^^^^^^^^^^^^^^^^^
_ _ _ _ _ _ _ _ _ _ _ _ _ _ _ _ _ _ _ _ _ _ _ _ _ _ _ _ _ _ _ _ _ _ _ _ _ _ _ _

self = <unittest.mock._patch object at 0x000002212259E060>

    def get_original(self):
        target = self.getter()
        name = self.attribute
    
        original = DEFAULT
        local = False
    
        try:
            original = target.__dict__[name]
        except (AttributeError, KeyError):
            original = getattr(target, name, DEFAULT)
        else:
            local = True
    
        if name in _builtins and isinstance(target, ModuleType):
            self.create = True
    
        if not self.create and original is DEFAULT:
>           raise AttributeError(
                "%s does not have the attribute %r" % (target, name)
            )
E           AttributeError: <module 'app.db.migration_verification' from 'C:\\Users\\eshwar akhilesh\\OneDrive\\Desktop\\DocMind AI\\backend\\app\\db\\migration_verification.py'> does not have the attribute 'Config'

C:\Python313\Lib\unittest\mock.py:1467: AttributeError
_____________ TestMigrationVerifier.test_get_head_revision_error ______________

args = (<test_migration_verification.TestMigrationVerifier object at 0x00000221225FEB10>,)
keywargs = {}

    @wraps(func)
    def patched(*args, **keywargs):
>       with self.decoration_helper(patched,
                                    args,
                                    keywargs) as (newargs, newkeywargs):

C:\Python313\Lib\unittest\mock.py:1423: 
_ _ _ _ _ _ _ _ _ _ _ _ _ _ _ _ _ _ _ _ _ _ _ _ _ _ _ _ _ _ _ _ _ _ _ _ _ _ _ _
C:\Python313\Lib\contextlib.py:141: in __enter__
    return next(self.gen)
           ^^^^^^^^^^^^^^
C:\Python313\Lib\unittest\mock.py:1405: in decoration_helper
    arg = exit_stack.enter_context(patching)
          ^^^^^^^^^^^^^^^^^^^^^^^^^^^^^^^^^^
C:\Python313\Lib\contextlib.py:530: in enter_context
    result = _enter(cm)
             ^^^^^^^^^^
C:\Python313\Lib\unittest\mock.py:1497: in __enter__
    original, local = self.get_original()
                      ^^^^^^^^^^^^^^^^^^^
_ _ _ _ _ _ _ _ _ _ _ _ _ _ _ _ _ _ _ _ _ _ _ _ _ _ _ _ _ _ _ _ _ _ _ _ _ _ _ _

self = <unittest.mock._patch object at 0x0000022122595BF0>

    def get_original(self):
        target = self.getter()
        name = self.attribute
    
        original = DEFAULT
        local = False
    
        try:
            original = target.__dict__[name]
        except (AttributeError, KeyError):
            original = getattr(target, name, DEFAULT)
        else:
            local = True
    
        if name in _builtins and isinstance(target, ModuleType):
            self.create = True
    
        if not self.create and original is DEFAULT:
>           raise AttributeError(
                "%s does not have the attribute %r" % (target, name)
            )
E           AttributeError: <module 'app.db.migration_verification' from 'C:\\Users\\eshwar akhilesh\\OneDrive\\Desktop\\DocMind AI\\backend\\app\\db\\migration_verification.py'> does not have the attribute 'Config'

C:\Python313\Lib\unittest\mock.py:1467: AttributeError
___________ TestMigrationVerifier.test_get_current_revision_success ___________

args = (<test_migration_verification.TestMigrationVerifier object at 0x0000022122596030>,)
keywargs = {}

    @wraps(func)
    def patched(*args, **keywargs):
>       with self.decoration_helper(patched,
                                    args,
                                    keywargs) as (newargs, newkeywargs):

C:\Python313\Lib\unittest\mock.py:1423: 
_ _ _ _ _ _ _ _ _ _ _ _ _ _ _ _ _ _ _ _ _ _ _ _ _ _ _ _ _ _ _ _ _ _ _ _ _ _ _ _
C:\Python313\Lib\contextlib.py:141: in __enter__
    return next(self.gen)
           ^^^^^^^^^^^^^^
C:\Python313\Lib\unittest\mock.py:1405: in decoration_helper
    arg = exit_stack.enter_context(patching)
          ^^^^^^^^^^^^^^^^^^^^^^^^^^^^^^^^^^
C:\Python313\Lib\contextlib.py:530: in enter_context
    result = _enter(cm)
             ^^^^^^^^^^
C:\Python313\Lib\unittest\mock.py:1497: in __enter__
    original, local = self.get_original()
                      ^^^^^^^^^^^^^^^^^^^
_ _ _ _ _ _ _ _ _ _ _ _ _ _ _ _ _ _ _ _ _ _ _ _ _ _ _ _ _ _ _ _ _ _ _ _ _ _ _ _

self = <unittest.mock._patch object at 0x0000022122595D00>

    def get_original(self):
        target = self.getter()
        name = self.attribute
    
        original = DEFAULT
        local = False
    
        try:
            original = target.__dict__[name]
        except (AttributeError, KeyError):
            original = getattr(target, name, DEFAULT)
        else:
            local = True
    
        if name in _builtins and isinstance(target, ModuleType):
            self.create = True
    
        if not self.create and original is DEFAULT:
>           raise AttributeError(
                "%s does not have the attribute %r" % (target, name)
            )
E           AttributeError: <module 'app.db.migration_verification' from 'C:\\Users\\eshwar akhilesh\\OneDrive\\Desktop\\DocMind AI\\backend\\app\\db\\migration_verification.py'> does not have the attribute 'create_engine'

C:\Python313\Lib\unittest\mock.py:1467: AttributeError
_________ TestMigrationVerifier.test_get_current_revision_unreachable _________

args = (<test_migration_verification.TestMigrationVerifier object at 0x0000022122596140>,)
keywargs = {}

    @wraps(func)
    def patched(*args, **keywargs):
>       with self.decoration_helper(patched,
                                    args,
                                    keywargs) as (newargs, newkeywargs):

C:\Python313\Lib\unittest\mock.py:1423: 
_ _ _ _ _ _ _ _ _ _ _ _ _ _ _ _ _ _ _ _ _ _ _ _ _ _ _ _ _ _ _ _ _ _ _ _ _ _ _ _
C:\Python313\Lib\contextlib.py:141: in __enter__
    return next(self.gen)
           ^^^^^^^^^^^^^^
C:\Python313\Lib\unittest\mock.py:1405: in decoration_helper
    arg = exit_stack.enter_context(patching)
          ^^^^^^^^^^^^^^^^^^^^^^^^^^^^^^^^^^
C:\Python313\Lib\contextlib.py:530: in enter_context
    result = _enter(cm)
             ^^^^^^^^^^
C:\Python313\Lib\unittest\mock.py:1497: in __enter__
    original, local = self.get_original()
                      ^^^^^^^^^^^^^^^^^^^
_ _ _ _ _ _ _ _ _ _ _ _ _ _ _ _ _ _ _ _ _ _ _ _ _ _ _ _ _ _ _ _ _ _ _ _ _ _ _ _

self = <unittest.mock._patch object at 0x0000022121DF9F50>

    def get_original(self):
        target = self.getter()
        name = self.attribute
    
        original = DEFAULT
        local = False
    
        try:
            original = target.__dict__[name]
        except (AttributeError, KeyError):
            original = getattr(target, name, DEFAULT)
        else:
            local = True
    
        if name in _builtins and isinstance(target, ModuleType):
            self.create = True
    
        if not self.create and original is DEFAULT:
>           raise AttributeError(
                "%s does not have the attribute %r" % (target, name)
            )
E           AttributeError: <module 'app.db.migration_verification' from 'C:\\Users\\eshwar akhilesh\\OneDrive\\Desktop\\DocMind AI\\backend\\app\\db\\migration_verification.py'> does not have the attribute 'create_engine'

C:\Python313\Lib\unittest\mock.py:1467: AttributeError
___________ TestMigrationVerifier.test_verify_migrations_up_to_date ___________

args = (<test_migration_verification.TestMigrationVerifier object at 0x0000022121DFA450>,)
keywargs = {}

    @wraps(func)
    def patched(*args, **keywargs):
>       with self.decoration_helper(patched,
                                    args,
                                    keywargs) as (newargs, newkeywargs):

C:\Python313\Lib\unittest\mock.py:1423: 
_ _ _ _ _ _ _ _ _ _ _ _ _ _ _ _ _ _ _ _ _ _ _ _ _ _ _ _ _ _ _ _ _ _ _ _ _ _ _ _
C:\Python313\Lib\contextlib.py:141: in __enter__
    return next(self.gen)
           ^^^^^^^^^^^^^^
C:\Python313\Lib\unittest\mock.py:1405: in decoration_helper
    arg = exit_stack.enter_context(patching)
          ^^^^^^^^^^^^^^^^^^^^^^^^^^^^^^^^^^
C:\Python313\Lib\contextlib.py:530: in enter_context
    result = _enter(cm)
             ^^^^^^^^^^
C:\Python313\Lib\unittest\mock.py:1497: in __enter__
    original, local = self.get_original()
                      ^^^^^^^^^^^^^^^^^^^
_ _ _ _ _ _ _ _ _ _ _ _ _ _ _ _ _ _ _ _ _ _ _ _ _ _ _ _ _ _ _ _ _ _ _ _ _ _ _ _

self = <unittest.mock._patch object at 0x00000221225B3BD0>

    def get_original(self):
        target = self.getter()
        name = self.attribute
    
        original = DEFAULT
        local = False
    
        try:
            original = target.__dict__[name]
        except (AttributeError, KeyError):
            original = getattr(target, name, DEFAULT)
        else:
            local = True
    
        if name in _builtins and isinstance(target, ModuleType):
            self.create = True
    
        if not self.create and original is DEFAULT:
>           raise AttributeError(
                "%s does not have the attribute %r" % (target, name)
            )
E           AttributeError: <module 'app.db.migration_verification' from 'C:\\Users\\eshwar akhilesh\\OneDrive\\Desktop\\DocMind AI\\backend\\app\\db\\migration_verification.py'> does not have the attribute 'create_engine'

C:\Python313\Lib\unittest\mock.py:1467: AttributeError
____________ TestMigrationVerifier.test_verify_migrations_pending _____________

args = (<test_migration_verification.TestMigrationVerifier object at 0x0000022121DFB450>,)
keywargs = {}

    @wraps(func)
    def patched(*args, **keywargs):
>       with self.decoration_helper(patched,
                                    args,
                                    keywargs) as (newargs, newkeywargs):

C:\Python313\Lib\unittest\mock.py:1423: 
_ _ _ _ _ _ _ _ _ _ _ _ _ _ _ _ _ _ _ _ _ _ _ _ _ _ _ _ _ _ _ _ _ _ _ _ _ _ _ _
C:\Python313\Lib\contextlib.py:141: in __enter__
    return next(self.gen)
           ^^^^^^^^^^^^^^
C:\Python313\Lib\unittest\mock.py:1405: in decoration_helper
    arg = exit_stack.enter_context(patching)
          ^^^^^^^^^^^^^^^^^^^^^^^^^^^^^^^^^^
C:\Python313\Lib\contextlib.py:530: in enter_context
    result = _enter(cm)
             ^^^^^^^^^^
C:\Python313\Lib\unittest\mock.py:1497: in __enter__
    original, local = self.get_original()
                      ^^^^^^^^^^^^^^^^^^^
_ _ _ _ _ _ _ _ _ _ _ _ _ _ _ _ _ _ _ _ _ _ _ _ _ _ _ _ _ _ _ _ _ _ _ _ _ _ _ _

self = <unittest.mock._patch object at 0x000002212254F3E0>

    def get_original(self):
        target = self.getter()
        name = self.attribute
    
        original = DEFAULT
        local = False
    
        try:
            original = target.__dict__[name]
        except (AttributeError, KeyError):
            original = getattr(target, name, DEFAULT)
        else:
            local = True
    
        if name in _builtins and isinstance(target, ModuleType):
            self.create = True
    
        if not self.create and original is DEFAULT:
>           raise AttributeError(
                "%s does not have the attribute %r" % (target, name)
            )
E           AttributeError: <module 'app.db.migration_verification' from 'C:\\Users\\eshwar akhilesh\\OneDrive\\Desktop\\DocMind AI\\backend\\app\\db\\migration_verification.py'> does not have the attribute 'create_engine'

C:\Python313\Lib\unittest\mock.py:1467: AttributeError
__________ TestMigrationVerifier.test_verify_migrations_unreachable ___________

args = (<test_migration_verification.TestMigrationVerifier object at 0x00000221225E1B80>,)
keywargs = {}

    @wraps(func)
    def patched(*args, **keywargs):
>       with self.decoration_helper(patched,
                                    args,
                                    keywargs) as (newargs, newkeywargs):

C:\Python313\Lib\unittest\mock.py:1423: 
_ _ _ _ _ _ _ _ _ _ _ _ _ _ _ _ _ _ _ _ _ _ _ _ _ _ _ _ _ _ _ _ _ _ _ _ _ _ _ _
C:\Python313\Lib\contextlib.py:141: in __enter__
    return next(self.gen)
           ^^^^^^^^^^^^^^
C:\Python313\Lib\unittest\mock.py:1405: in decoration_helper
    arg = exit_stack.enter_context(patching)
          ^^^^^^^^^^^^^^^^^^^^^^^^^^^^^^^^^^
C:\Python313\Lib\contextlib.py:530: in enter_context
    result = _enter(cm)
             ^^^^^^^^^^
C:\Python313\Lib\unittest\mock.py:1497: in __enter__
    original, local = self.get_original()
                      ^^^^^^^^^^^^^^^^^^^
_ _ _ _ _ _ _ _ _ _ _ _ _ _ _ _ _ _ _ _ _ _ _ _ _ _ _ _ _ _ _ _ _ _ _ _ _ _ _ _

self = <unittest.mock._patch object at 0x000002212254FD80>

    def get_original(self):
        target = self.getter()
        name = self.attribute
    
        original = DEFAULT
        local = False
    
        try:
            original = target.__dict__[name]
        except (AttributeError, KeyError):
            original = getattr(target, name, DEFAULT)
        else:
            local = True
    
        if name in _builtins and isinstance(target, ModuleType):
            self.create = True
    
        if not self.create and original is DEFAULT:
>           raise AttributeError(
                "%s does not have the attribute %r" % (target, name)
            )
E           AttributeError: <module 'app.db.migration_verification' from 'C:\\Users\\eshwar akhilesh\\OneDrive\\Desktop\\DocMind AI\\backend\\app\\db\\migration_verification.py'> does not have the attribute 'create_engine'

C:\Python313\Lib\unittest\mock.py:1467: AttributeError
_________ TestMigrationVerifier.test_verify_migrations_no_migrations __________

args = (<test_migration_verification.TestMigrationVerifier object at 0x00000221225E1C70>,)
keywargs = {}

    @wraps(func)
    def patched(*args, **keywargs):
>       with self.decoration_helper(patched,
                                    args,
                                    keywargs) as (newargs, newkeywargs):

C:\Python313\Lib\unittest\mock.py:1423: 
_ _ _ _ _ _ _ _ _ _ _ _ _ _ _ _ _ _ _ _ _ _ _ _ _ _ _ _ _ _ _ _ _ _ _ _ _ _ _ _
C:\Python313\Lib\contextlib.py:141: in __enter__
    return next(self.gen)
           ^^^^^^^^^^^^^^
C:\Python313\Lib\unittest\mock.py:1405: in decoration_helper
    arg = exit_stack.enter_context(patching)
          ^^^^^^^^^^^^^^^^^^^^^^^^^^^^^^^^^^
C:\Python313\Lib\contextlib.py:530: in enter_context
    result = _enter(cm)
             ^^^^^^^^^^
C:\Python313\Lib\unittest\mock.py:1497: in __enter__
    original, local = self.get_original()
                      ^^^^^^^^^^^^^^^^^^^
_ _ _ _ _ _ _ _ _ _ _ _ _ _ _ _ _ _ _ _ _ _ _ _ _ _ _ _ _ _ _ _ _ _ _ _ _ _ _ _

self = <unittest.mock._patch object at 0x0000022122640050>

    def get_original(self):
        target = self.getter()
        name = self.attribute
    
        original = DEFAULT
        local = False
    
        try:
            original = target.__dict__[name]
        except (AttributeError, KeyError):
            original = getattr(target, name, DEFAULT)
        else:
            local = True
    
        if name in _builtins and isinstance(target, ModuleType):
            self.create = True
    
        if not self.create and original is DEFAULT:
>           raise AttributeError(
                "%s does not have the attribute %r" % (target, name)
            )
E           AttributeError: <module 'app.db.migration_verification' from 'C:\\Users\\eshwar akhilesh\\OneDrive\\Desktop\\DocMind AI\\backend\\app\\db\\migration_verification.py'> does not have the attribute 'Config'

C:\Python313\Lib\unittest\mock.py:1467: AttributeError
_ TestSentenceTransformerEmbeddingProvider.test_generate_embeddings_multiple_texts _

self = <tests.embeddings.test_sentence_transformer_provider.TestSentenceTransformerEmbeddingProvider object at 0x0000022122596360>

    @pytest.mark.asyncio
    async def test_generate_embeddings_multiple_texts(self):
        """Test generating embeddings for multiple texts in batch."""
        provider = SentenceTransformerEmbeddingProvider()
        texts = [
            "First sentence.",
            "Second sentence.",
            "Third sentence.",
        ]
    
        embeddings = await provider.generate_embeddings(texts)
    
        assert len(embeddings) == 3
        for embedding in embeddings:
>           assert isinstance(embedding, np.ndarray)
E           AssertionError: assert False
E            +  where False = isinstance([-0.022051425650715828, -0.019461041316390038, 0.01172565296292305, -0.09840584546327591, -0.03707486763596535, -0.010877004824578762, ...], <class 'numpy.ndarray'>)
E            +    where <class 'numpy.ndarray'> = np.ndarray

tests\embeddings\test_sentence_transformer_provider.py:68: AssertionError
---------------------------- Captured stdout call -----------------------------
{"timestamp": "2026-07-19T18:29:42.685837", "level": "INFO", "logger": "sentence_transformers.base.model", "message": "No device provided, using cpu", "module": "model", "function": "__init__", "line": 190}
{"timestamp": "2026-07-19T18:29:42.905596", "level": "INFO", "logger": "httpx", "message": "HTTP Request: HEAD https://huggingface.co/BAAI/bge-small-en-v1.5/resolve/main/modules.json \"HTTP/1.1 307 Temporary Redirect\"", "module": "_client", "function": "_send_single_request", "line": 1025}
{"timestamp": "2026-07-19T18:29:42.918564", "level": "INFO", "logger": "httpx", "message": "HTTP Request: HEAD https://huggingface.co/api/resolve-cache/models/BAAI/bge-small-en-v1.5/5c38ec7c405ec4b44b94cc5a9bb96e735b38267a/modules.json \"HTTP/1.1 200 OK\"", "module": "_client", "function": "_send_single_request", "line": 1025}
{"timestamp": "2026-07-19T18:29:43.148651", "level": "INFO", "logger": "httpx", "message": "HTTP Request: HEAD https://huggingface.co/BAAI/bge-small-en-v1.5/resolve/main/config_sentence_transformers.json \"HTTP/1.1 307 Temporary Redirect\"", "module": "_client", "function": "_send_single_request", "line": 1025}
{"timestamp": "2026-07-19T18:29:43.159641", "level": "INFO", "logger": "httpx", "message": "HTTP Request: HEAD https://huggingface.co/api/resolve-cache/models/BAAI/bge-small-en-v1.5/5c38ec7c405ec4b44b94cc5a9bb96e735b38267a/config_sentence_transformers.json \"HTTP/1.1 200 OK\"", "module": "_client", "function": "_send_single_request", "line": 1025}
{"timestamp": "2026-07-19T18:29:43.161759", "level": "INFO", "logger": "sentence_transformers.base.model", "message": "Loading SentenceTransformer model from BAAI/bge-small-en-v1.5.", "module": "model", "function": "_load_modules", "line": 1001}
{"timestamp": "2026-07-19T18:29:43.395358", "level": "INFO", "logger": "httpx", "message": "HTTP Request: HEAD https://huggingface.co/BAAI/bge-small-en-v1.5/resolve/main/config_sentence_transformers.json \"HTTP/1.1 307 Temporary Redirect\"", "module": "_client", "function": "_send_single_request", "line": 1025}
{"timestamp": "2026-07-19T18:29:43.406834", "level": "INFO", "logger": "httpx", "message": "HTTP Request: HEAD https://huggingface.co/api/resolve-cache/models/BAAI/bge-small-en-v1.5/5c38ec7c405ec4b44b94cc5a9bb96e735b38267a/config_sentence_transformers.json \"HTTP/1.1 200 OK\"", "module": "_client", "function": "_send_single_request", "line": 1025}
{"timestamp": "2026-07-19T18:29:43.638015", "level": "INFO", "logger": "httpx", "message": "HTTP Request: HEAD https://huggingface.co/BAAI/bge-small-en-v1.5/resolve/main/README.md \"HTTP/1.1 307 Temporary Redirect\"", "module": "_client", "function": "_send_single_request", "line": 1025}
{"timestamp": "2026-07-19T18:29:43.647854", "level": "INFO", "logger": "httpx", "message": "HTTP Request: HEAD https://huggingface.co/api/resolve-cache/models/BAAI/bge-small-en-v1.5/5c38ec7c405ec4b44b94cc5a9bb96e735b38267a/README.md \"HTTP/1.1 200 OK\"", "module": "_client", "function": "_send_single_request", "line": 1025}
{"timestamp": "2026-07-19T18:29:43.874158", "level": "INFO", "logger": "httpx", "message": "HTTP Request: HEAD https://huggingface.co/BAAI/bge-small-en-v1.5/resolve/main/modules.json \"HTTP/1.1 307 Temporary Redirect\"", "module": "_client", "function": "_send_single_request", "line": 1025}
{"timestamp": "2026-07-19T18:29:43.884277", "level": "INFO", "logger": "httpx", "message": "HTTP Request: HEAD https://huggingface.co/api/resolve-cache/models/BAAI/bge-small-en-v1.5/5c38ec7c405ec4b44b94cc5a9bb96e735b38267a/modules.json \"HTTP/1.1 200 OK\"", "module": "_client", "function": "_send_single_request", "line": 1025}
{"timestamp": "2026-07-19T18:29:44.108136", "level": "INFO", "logger": "httpx", "message": "HTTP Request: HEAD https://huggingface.co/BAAI/bge-small-en-v1.5/resolve/main/sentence_bert_config.json \"HTTP/1.1 307 Temporary Redirect\"", "module": "_client", "function": "_send_single_request", "line": 1025}
{"timestamp": "2026-07-19T18:29:44.119593", "level": "INFO", "logger": "httpx", "message": "HTTP Request: HEAD https://huggingface.co/api/resolve-cache/models/BAAI/bge-small-en-v1.5/5c38ec7c405ec4b44b94cc5a9bb96e735b38267a/sentence_bert_config.json \"HTTP/1.1 200 OK\"", "module": "_client", "function": "_send_single_request", "line": 1025}
{"timestamp": "2026-07-19T18:29:44.351750", "level": "INFO", "logger": "httpx", "message": "HTTP Request: HEAD https://huggingface.co/BAAI/bge-small-en-v1.5/resolve/main/adapter_config.json \"HTTP/1.1 404 Not Found\"", "module": "_client", "function": "_send_single_request", "line": 1025}
{"timestamp": "2026-07-19T18:29:44.581309", "level": "INFO", "logger": "httpx", "message": "HTTP Request: HEAD https://huggingface.co/BAAI/bge-small-en-v1.5/resolve/main/config.json \"HTTP/1.1 307 Temporary Redirect\"", "module": "_client", "function": "_send_single_request", "line": 1025}
{"timestamp": "2026-07-19T18:29:44.592460", "level": "INFO", "logger": "httpx", "message": "HTTP Request: HEAD https://huggingface.co/api/resolve-cache/models/BAAI/bge-small-en-v1.5/5c38ec7c405ec4b44b94cc5a9bb96e735b38267a/config.json \"HTTP/1.1 200 OK\"", "module": "_client", "function": "_send_single_request", "line": 1025}
{"timestamp": "2026-07-19T18:29:44.955498", "level": "INFO", "logger": "httpx", "message": "HTTP Request: HEAD https://huggingface.co/BAAI/bge-small-en-v1.5/resolve/main/processor_config.json \"HTTP/1.1 404 Not Found\"", "module": "_client", "function": "_send_single_request", "line": 1025}
{"timestamp": "2026-07-19T18:29:45.186621", "level": "INFO", "logger": "httpx", "message": "HTTP Request: HEAD https://huggingface.co/BAAI/bge-small-en-v1.5/resolve/main/preprocessor_config.json \"HTTP/1.1 404 Not Found\"", "module": "_client", "function": "_send_single_request", "line": 1025}
{"timestamp": "2026-07-19T18:29:45.412741", "level": "INFO", "logger": "httpx", "message": "HTTP Request: HEAD https://huggingface.co/BAAI/bge-small-en-v1.5/resolve/main/video_preprocessor_config.json \"HTTP/1.1 404 Not Found\"", "module": "_client", "function": "_send_single_request", "line": 1025}
{"timestamp": "2026-07-19T18:29:45.642604", "level": "INFO", "logger": "httpx", "message": "HTTP Request: HEAD https://huggingface.co/BAAI/bge-small-en-v1.5/resolve/main/preprocessor_config.json \"HTTP/1.1 404 Not Found\"", "module": "_client", "function": "_send_single_request", "line": 1025}
{"timestamp": "2026-07-19T18:29:45.873763", "level": "INFO", "logger": "httpx", "message": "HTTP Request: HEAD https://huggingface.co/BAAI/bge-small-en-v1.5/resolve/main/tokenizer_config.json \"HTTP/1.1 307 Temporary Redirect\"", "module": "_client", "function": "_send_single_request", "line": 1025}
{"timestamp": "2026-07-19T18:29:45.883203", "level": "INFO", "logger": "httpx", "message": "HTTP Request: HEAD https://huggingface.co/api/resolve-cache/models/BAAI/bge-small-en-v1.5/5c38ec7c405ec4b44b94cc5a9bb96e735b38267a/tokenizer_config.json \"HTTP/1.1 200 OK\"", "module": "_client", "function": "_send_single_request", "line": 1025}
{"timestamp": "2026-07-19T18:29:46.110661", "level": "INFO", "logger": "httpx", "message": "HTTP Request: HEAD https://huggingface.co/BAAI/bge-small-en-v1.5/resolve/main/config.json \"HTTP/1.1 307 Temporary Redirect\"", "module": "_client", "function": "_send_single_request", "line": 1025}
{"timestamp": "2026-07-19T18:29:46.124711", "level": "INFO", "logger": "httpx", "message": "HTTP Request: HEAD https://huggingface.co/api/resolve-cache/models/BAAI/bge-small-en-v1.5/5c38ec7c405ec4b44b94cc5a9bb96e735b38267a/config.json \"HTTP/1.1 200 OK\"", "module": "_client", "function": "_send_single_request", "line": 1025}
{"timestamp": "2026-07-19T18:29:46.346650", "level": "INFO", "logger": "httpx", "message": "HTTP Request: HEAD https://huggingface.co/BAAI/bge-small-en-v1.5/resolve/main/config.json \"HTTP/1.1 307 Temporary Redirect\"", "module": "_client", "function": "_send_single_request", "line": 1025}
{"timestamp": "2026-07-19T18:29:46.357189", "level": "INFO", "logger": "httpx", "message": "HTTP Request: HEAD https://huggingface.co/api/resolve-cache/models/BAAI/bge-small-en-v1.5/5c38ec7c405ec4b44b94cc5a9bb96e735b38267a/config.json \"HTTP/1.1 200 OK\"", "module": "_client", "function": "_send_single_request", "line": 1025}
{"timestamp": "2026-07-19T18:29:46.585105", "level": "INFO", "logger": "httpx", "message": "HTTP Request: HEAD https://huggingface.co/BAAI/bge-small-en-v1.5/resolve/main/tokenizer_config.json \"HTTP/1.1 307 Temporary Redirect\"", "module": "_client", "function": "_send_single_request", "line": 1025}
{"timestamp": "2026-07-19T18:29:46.596415", "level": "INFO", "logger": "httpx", "message": "HTTP Request: HEAD https://huggingface.co/api/resolve-cache/models/BAAI/bge-small-en-v1.5/5c38ec7c405ec4b44b94cc5a9bb96e735b38267a/tokenizer_config.json \"HTTP/1.1 200 OK\"", "module": "_client", "function": "_send_single_request", "line": 1025}
{"timestamp": "2026-07-19T18:29:46.826172", "level": "INFO", "logger": "httpx", "message": "HTTP Request: GET https://huggingface.co/api/models/BAAI/bge-small-en-v1.5/tree/main/additional_chat_templates?recursive=false&expand=false \"HTTP/1.1 404 Not Found\"", "module": "_client", "function": "_send_single_request", "line": 1025}
{"timestamp": "2026-07-19T18:29:47.055406", "level": "INFO", "logger": "httpx", "message": "HTTP Request: GET https://huggingface.co/api/models/BAAI/bge-small-en-v1.5/tree/main?recursive=true&expand=false \"HTTP/1.1 200 OK\"", "module": "_client", "function": "_send_single_request", "line": 1025}
{"timestamp": "2026-07-19T18:29:47.330998", "level": "INFO", "logger": "httpx", "message": "HTTP Request: HEAD https://huggingface.co/BAAI/bge-small-en-v1.5/resolve/main/1_Pooling/config.json \"HTTP/1.1 307 Temporary Redirect\"", "module": "_client", "function": "_send_single_request", "line": 1025}
{"timestamp": "2026-07-19T18:29:47.341798", "level": "INFO", "logger": "httpx", "message": "HTTP Request: HEAD https://huggingface.co/api/resolve-cache/models/BAAI/bge-small-en-v1.5/5c38ec7c405ec4b44b94cc5a9bb96e735b38267a/1_Pooling%2Fconfig.json \"HTTP/1.1 200 OK\"", "module": "_client", "function": "_send_single_request", "line": 1025}
{"timestamp": "2026-07-19T18:29:47.577421", "level": "INFO", "logger": "httpx", "message": "HTTP Request: GET https://huggingface.co/api/models/BAAI/bge-small-en-v1.5 \"HTTP/1.1 200 OK\"", "module": "_client", "function": "_send_single_request", "line": 1025}
---------------------------- Captured stderr call -----------------------------
\rLoading weights:   0%|          | 0/199 [00:00<?, ?it/s]\rLoading weights: 100%|\u2588\u2588\u2588\u2588\u2588\u2588\u2588\u2588\u2588\u2588| 199/199 [00:00<00:00, 4014.69it/s]\n\rBatches:   0%|          | 0/1 [00:00<?, ?it/s]\rBatches: 100%|\u2588\u2588\u2588\u2588\u2588\u2588\u2588\u2588\u2588\u2588| 1/1 [00:00<00:00, 21.60it/s]
------------------------------ Captured log call ------------------------------
INFO     sentence_transformers.base.model:model.py:190 No device provided, using cpu
INFO     httpx:_client.py:1025 HTTP Request: HEAD https://huggingface.co/BAAI/bge-small-en-v1.5/resolve/main/modules.json "HTTP/1.1 307 Temporary Redirect"
INFO     httpx:_client.py:1025 HTTP Request: HEAD https://huggingface.co/api/resolve-cache/models/BAAI/bge-small-en-v1.5/5c38ec7c405ec4b44b94cc5a9bb96e735b38267a/modules.json "HTTP/1.1 200 OK"
INFO     httpx:_client.py:1025 HTTP Request: HEAD https://huggingface.co/BAAI/bge-small-en-v1.5/resolve/main/config_sentence_transformers.json "HTTP/1.1 307 Temporary Redirect"
INFO     httpx:_client.py:1025 HTTP Request: HEAD https://huggingface.co/api/resolve-cache/models/BAAI/bge-small-en-v1.5/5c38ec7c405ec4b44b94cc5a9bb96e735b38267a/config_sentence_transformers.json "HTTP/1.1 200 OK"
INFO     sentence_transformers.base.model:model.py:1001 Loading SentenceTransformer model from BAAI/bge-small-en-v1.5.
INFO     httpx:_client.py:1025 HTTP Request: HEAD https://huggingface.co/BAAI/bge-small-en-v1.5/resolve/main/config_sentence_transformers.json "HTTP/1.1 307 Temporary Redirect"
INFO     httpx:_client.py:1025 HTTP Request: HEAD https://huggingface.co/api/resolve-cache/models/BAAI/bge-small-en-v1.5/5c38ec7c405ec4b44b94cc5a9bb96e735b38267a/config_sentence_transformers.json "HTTP/1.1 200 OK"
INFO     httpx:_client.py:1025 HTTP Request: HEAD https://huggingface.co/BAAI/bge-small-en-v1.5/resolve/main/README.md "HTTP/1.1 307 Temporary Redirect"
INFO     httpx:_client.py:1025 HTTP Request: HEAD https://huggingface.co/api/resolve-cache/models/BAAI/bge-small-en-v1.5/5c38ec7c405ec4b44b94cc5a9bb96e735b38267a/README.md "HTTP/1.1 200 OK"
INFO     httpx:_client.py:1025 HTTP Request: HEAD https://huggingface.co/BAAI/bge-small-en-v1.5/resolve/main/modules.json "HTTP/1.1 307 Temporary Redirect"
INFO     httpx:_client.py:1025 HTTP Request: HEAD https://huggingface.co/api/resolve-cache/models/BAAI/bge-small-en-v1.5/5c38ec7c405ec4b44b94cc5a9bb96e735b38267a/modules.json "HTTP/1.1 200 OK"
INFO     httpx:_client.py:1025 HTTP Request: HEAD https://huggingface.co/BAAI/bge-small-en-v1.5/resolve/main/sentence_bert_config.json "HTTP/1.1 307 Temporary Redirect"
INFO     httpx:_client.py:1025 HTTP Request: HEAD https://huggingface.co/api/resolve-cache/models/BAAI/bge-small-en-v1.5/5c38ec7c405ec4b44b94cc5a9bb96e735b38267a/sentence_bert_config.json "HTTP/1.1 200 OK"
INFO     httpx:_client.py:1025 HTTP Request: HEAD https://huggingface.co/BAAI/bge-small-en-v1.5/resolve/main/adapter_config.json "HTTP/1.1 404 Not Found"
INFO     httpx:_client.py:1025 HTTP Request: HEAD https://huggingface.co/BAAI/bge-small-en-v1.5/resolve/main/config.json "HTTP/1.1 307 Temporary Redirect"
INFO     httpx:_client.py:1025 HTTP Request: HEAD https://huggingface.co/api/resolve-cache/models/BAAI/bge-small-en-v1.5/5c38ec7c405ec4b44b94cc5a9bb96e735b38267a/config.json "HTTP/1.1 200 OK"
INFO     httpx:_client.py:1025 HTTP Request: HEAD https://huggingface.co/BAAI/bge-small-en-v1.5/resolve/main/processor_config.json "HTTP/1.1 404 Not Found"
INFO     httpx:_client.py:1025 HTTP Request: HEAD https://huggingface.co/BAAI/bge-small-en-v1.5/resolve/main/preprocessor_config.json "HTTP/1.1 404 Not Found"
INFO     httpx:_client.py:1025 HTTP Request: HEAD https://huggingface.co/BAAI/bge-small-en-v1.5/resolve/main/video_preprocessor_config.json "HTTP/1.1 404 Not Found"
INFO     httpx:_client.py:1025 HTTP Request: HEAD https://huggingface.co/BAAI/bge-small-en-v1.5/resolve/main/preprocessor_config.json "HTTP/1.1 404 Not Found"
INFO     httpx:_client.py:1025 HTTP Request: HEAD https://huggingface.co/BAAI/bge-small-en-v1.5/resolve/main/tokenizer_config.json "HTTP/1.1 307 Temporary Redirect"
INFO     httpx:_client.py:1025 HTTP Request: HEAD https://huggingface.co/api/resolve-cache/models/BAAI/bge-small-en-v1.5/5c38ec7c405ec4b44b94cc5a9bb96e735b38267a/tokenizer_config.json "HTTP/1.1 200 OK"
INFO     httpx:_client.py:1025 HTTP Request: HEAD https://huggingface.co/BAAI/bge-small-en-v1.5/resolve/main/config.json "HTTP/1.1 307 Temporary Redirect"
INFO     httpx:_client.py:1025 HTTP Request: HEAD https://huggingface.co/api/resolve-cache/models/BAAI/bge-small-en-v1.5/5c38ec7c405ec4b44b94cc5a9bb96e735b38267a/config.json "HTTP/1.1 200 OK"
INFO     httpx:_client.py:1025 HTTP Request: HEAD https://huggingface.co/BAAI/bge-small-en-v1.5/resolve/main/config.json "HTTP/1.1 307 Temporary Redirect"
INFO     httpx:_client.py:1025 HTTP Request: HEAD https://huggingface.co/api/resolve-cache/models/BAAI/bge-small-en-v1.5/5c38ec7c405ec4b44b94cc5a9bb96e735b38267a/config.json "HTTP/1.1 200 OK"
INFO     httpx:_client.py:1025 HTTP Request: HEAD https://huggingface.co/BAAI/bge-small-en-v1.5/resolve/main/tokenizer_config.json "HTTP/1.1 307 Temporary Redirect"
INFO     httpx:_client.py:1025 HTTP Request: HEAD https://huggingface.co/api/resolve-cache/models/BAAI/bge-small-en-v1.5/5c38ec7c405ec4b44b94cc5a9bb96e735b38267a/tokenizer_config.json "HTTP/1.1 200 OK"
INFO     httpx:_client.py:1025 HTTP Request: GET https://huggingface.co/api/models/BAAI/bge-small-en-v1.5/tree/main/additional_chat_templates?recursive=false&expand=false "HTTP/1.1 404 Not Found"
INFO     httpx:_client.py:1025 HTTP Request: GET https://huggingface.co/api/models/BAAI/bge-small-en-v1.5/tree/main?recursive=true&expand=false "HTTP/1.1 200 OK"
INFO     httpx:_client.py:1025 HTTP Request: HEAD https://huggingface.co/BAAI/bge-small-en-v1.5/resolve/main/1_Pooling/config.json "HTTP/1.1 307 Temporary Redirect"
INFO     httpx:_client.py:1025 HTTP Request: HEAD https://huggingface.co/api/resolve-cache/models/BAAI/bge-small-en-v1.5/5c38ec7c405ec4b44b94cc5a9bb96e735b38267a/1_Pooling%2Fconfig.json "HTTP/1.1 200 OK"
INFO     httpx:_client.py:1025 HTTP Request: GET https://huggingface.co/api/models/BAAI/bge-small-en-v1.5 "HTTP/1.1 200 OK"
_________ TestWhisperTranscriptionProvider.test_transcribe_no_api_key _________

self = <tests.ingestion.test_whisper_transcription_provider.TestWhisperTranscriptionProvider object at 0x0000022122597350>
tmp_path = WindowsPath('C:/Users/eshwar akhilesh/AppData/Local/Temp/pytest-of-eshwar akhilesh/pytest-8/test_transcribe_no_api_key0')

    @pytest.mark.asyncio
    async def test_transcribe_no_api_key(self, tmp_path):
        """Test error when API key is not configured."""
        # Setup
        audio_file = tmp_path / "test.mp3"
        audio_file.write_bytes(b"fake audio data")
    
        with patch(
            "app.ingestion.providers.whisper_transcription_provider.get_settings"
        ) as mock_settings:
            mock_settings.return_value = MagicMock(
                GROQ_API_KEY=None,
                WHISPER_MODEL="whisper-large-v3",
                TRANSCRIPTION_TIMEOUT=300.0,
                TRANSCRIPTION_MAX_RETRIES=3,
                TRANSCRIPTION_RETRY_DELAY=2.0,
            )
            provider = WhisperTranscriptionProvider()
    
            # Execute & Assert
            with pytest.raises(ExtractionFailedException) as exc_info:
                await provider.transcribe(audio_file)
    
>           assert "not configured" in str(exc_info.value).lower()
E           AssertionError: assert 'not configured' in 'extraction failed: unexpected error: extraction failed: groq api error (status 400): unknown param `timestamp_granularities`'
E            +  where 'extraction failed: unexpected error: extraction failed: groq api error (status 400): unknown param `timestamp_granularities`' = <built-in method lower of str object at 0x0000022123B6AEF0>()
E            +    where <built-in method lower of str object at 0x0000022123B6AEF0> = 'Extraction failed: Unexpected error: Extraction failed: Groq API error (status 400): unknown param `timestamp_granularities`'.lower
E            +      where 'Extraction failed: Unexpected error: Extraction failed: Groq API error (status 400): unknown param `timestamp_granularities`' = str(ExtractionFailedException('Extraction failed: Unexpected error: Extraction failed: Groq API error (status 400): unknown param `timestamp_granularities`'))
E            +        where ExtractionFailedException('Extraction failed: Unexpected error: Extraction failed: Groq API error (status 400): unknown param `timestamp_granularities`') = <ExceptionInfo ExtractionFailedException('Extraction failed: Unexpected error: Extraction failed: Groq API error (status 400): unknown param `timestamp_granularities`') tblen=3>.value

tests\ingestion\test_whisper_transcription_provider.py:173: AssertionError
---------------------------- Captured stdout call -----------------------------
{"timestamp": "2026-07-19T18:30:59.190651", "level": "INFO", "logger": "httpx", "message": "HTTP Request: POST https://api.groq.com/openai/v1/audio/transcriptions \"HTTP/1.1 400 Bad Request\"", "module": "_client", "function": "_send_single_request", "line": 1740}
------------------------------ Captured log call ------------------------------
INFO     httpx:_client.py:1740 HTTP Request: POST https://api.groq.com/openai/v1/audio/transcriptions "HTTP/1.1 400 Bad Request"
____________ TestWhisperTranscriptionProvider.test_context_manager ____________

self = <tests.ingestion.test_whisper_transcription_provider.TestWhisperTranscriptionProvider object at 0x00000221225E2300>
tmp_path = WindowsPath('C:/Users/eshwar akhilesh/AppData/Local/Temp/pytest-of-eshwar akhilesh/pytest-8/test_context_manager0')

    @pytest.mark.asyncio
    async def test_context_manager(self, tmp_path):
        """Test using provider as async context manager."""
        with patch(
            "app.ingestion.providers.whisper_transcription_provider.get_settings"
        ) as mock_settings:
            mock_settings.return_value = MagicMock(
                GROQ_API_KEY="test_key",
                WHISPER_MODEL="whisper-large-v3",
                TRANSCRIPTION_TIMEOUT=300.0,
                TRANSCRIPTION_MAX_RETRIES=3,
                TRANSCRIPTION_RETRY_DELAY=2.0,
            )
    
            async with WhisperTranscriptionProvider() as provider:
                assert provider is not None
>               assert provider._client is not None
E               assert None is not None
E                +  where None = <app.ingestion.providers.whisper_transcription_provider.WhisperTranscriptionProvider object at 0x0000022125747E50>._client

tests\ingestion\test_whisper_transcription_provider.py:224: AssertionError
____ TestDocumentProcessingWorker.test_stage_failure_with_retry_increment _____

self = <tests.jobs.test_document_processing_worker.TestDocumentProcessingWorker object at 0x0000022122597790>
mock_uow_factory = (<MagicMock id='2341342752992'>, <AsyncMock name='mock()' id='2341445645856'>)
mock_processing_service = <AsyncMock id='2341445647872'>
mock_processing_job = <MagicMock id='2341445927328'>

    @pytest.mark.asyncio
    async def test_stage_failure_with_retry_increment(
        self, mock_uow_factory, mock_processing_service, mock_processing_job
    ):
        """Test that stage failure increments retry count and marks as FAILED."""
        factory, uow = mock_uow_factory
        worker = DocumentProcessingWorker(factory, mock_processing_service)
        document_id = uuid4()
    
        # Setup - extraction fails
        mock_processing_job.current_stage = ProcessingStage.UPLOADED
        uow.processing_job_repository.list_by_document = AsyncMock(
            return_value=[mock_processing_job]
        )
        uow.processing_job_repository.update_stage = AsyncMock()
        uow.processing_job_repository.update_heartbeat = AsyncMock()
        uow.processing_job_repository.get_by_id = AsyncMock(return_value=mock_processing_job)
        uow.processing_job_repository.increment_retry = AsyncMock()
        uow.processing_job_repository.mark_failed = AsyncMock()
    
        mock_processing_service.extract_document = AsyncMock(
            side_effect=Exception("Extraction failed")
        )
    
        # Execute
        with pytest.raises(JobExecutionException):
            await worker.process(document_id)
    
        # Assert - retry should be incremented and job marked as failed
>       uow.processing_job_repository.increment_retry.assert_called_once_with(
            mock_processing_job.id
        )

tests\jobs\test_document_processing_worker.py:222: 
_ _ _ _ _ _ _ _ _ _ _ _ _ _ _ _ _ _ _ _ _ _ _ _ _ _ _ _ _ _ _ _ _ _ _ _ _ _ _ _

self = <AsyncMock name='mock().processing_job_repository.increment_retry' id='2341445931024'>
args = (UUID('d83edcf1-40f2-47ab-a310-75455e08dcc0'),), kwargs = {}

    def assert_called_once_with(self, /, *args, **kwargs):
        """assert that the mock was called exactly once and that that call was
        with the specified arguments."""
        if not self.call_count == 1:
            msg = ("Expected '%s' to be called once. Called %s times.%s"
                   % (self._mock_name or 'mock',
                      self.call_count,
                      self._calls_repr()))
>           raise AssertionError(msg)
E           AssertionError: Expected 'increment_retry' to be called once. Called 0 times.

C:\Python313\Lib\unittest\mock.py:990: AssertionError
_______________ TestDocumentProcessingWorker.test_no_job_found ________________

self = <tests.jobs.test_document_processing_worker.TestDocumentProcessingWorker object at 0x0000022121E21750>
mock_uow_factory = (<MagicMock id='2341387796560'>, <AsyncMock name='mock()' id='2341387796896'>)
mock_processing_service = <AsyncMock id='2341387798912'>

    @pytest.mark.asyncio
    async def test_no_job_found(self, mock_uow_factory, mock_processing_service):
        """Test processing when no job is found."""
        factory, uow = mock_uow_factory
        worker = DocumentProcessingWorker(factory, mock_processing_service)
        document_id = uuid4()
    
        # Setup - no jobs returned
        uow.processing_job_repository.list_by_document = AsyncMock(return_value=[])
    
        # Execute & Assert
        with pytest.raises(JobExecutionException) as exc_info:
            await worker.process(document_id)
    
>       assert "No processing job found" in str(exc_info.value)
E       assert 'No processing job found' in "Processing failed: 'NoneType' object has no attribute 'current_stage'"
E        +  where "Processing failed: 'NoneType' object has no attribute 'current_stage'" = str(JobExecutionException("Processing failed: 'NoneType' object has no attribute 'current_stage'"))
E        +    where JobExecutionException("Processing failed: 'NoneType' object has no attribute 'current_stage'") = <ExceptionInfo JobExecutionException("Processing failed: 'NoneType' object has no attribute 'current_stage'") tblen=2>.value

tests\jobs\test_document_processing_worker.py:270: AssertionError
________ TestDocumentProcessingWorker.test_progress_updates_per_stage _________

self = <tests.jobs.test_document_processing_worker.TestDocumentProcessingWorker object at 0x00000221225E26C0>
mock_uow_factory = (<MagicMock id='2341342526304'>, <AsyncMock name='mock()' id='2341342515888'>)
mock_processing_service = <AsyncMock id='2341342517904'>
mock_processing_job = <MagicMock id='2341342523616'>

    @pytest.mark.asyncio
    async def test_progress_updates_per_stage(
        self, mock_uow_factory, mock_processing_service, mock_processing_job
    ):
        """Test that progress is updated after each stage."""
        factory, uow = mock_uow_factory
        worker = DocumentProcessingWorker(factory, mock_processing_service)
        document_id = uuid4()
    
        # Setup
        mock_processing_job.current_stage = ProcessingStage.UPLOADED
        uow.processing_job_repository.list_by_document = AsyncMock(
            return_value=[mock_processing_job]
        )
        uow.processing_job_repository.update_stage = AsyncMock()
        uow.processing_job_repository.update_status = AsyncMock()
        uow.processing_job_repository.update_heartbeat = AsyncMock()
        uow.processing_job_repository.get_by_id = AsyncMock(return_value=mock_processing_job)
    
        # Execute
        await worker.process(document_id)
    
        # Assert - progress should be updated after each stage
        progress_updates = [
            call[1]["progress"]
            for call in uow.processing_job_repository.update_status.call_args_list
            if "progress" in call[1]
        ]
        assert 25 in progress_updates  # After extraction
        assert 50 in progress_updates  # After chunking
        assert 75 in progress_updates  # After embedding
>       assert 90 in progress_updates  # After indexing
        ^^^^^^^^^^^^^^^^^^^^^^^^^^^^^
E       assert 90 in [25, 50, 75, 95, 98]

tests\jobs\test_document_processing_worker.py:331: AssertionError
____________________ TestInProcessJobDispatcher.test_init _____________________

self = <tests.jobs.test_in_process_dispatcher.TestInProcessJobDispatcher object at 0x00000221225BBD90>
mock_uow = <AsyncMock id='2341340435120'>
mock_ingestion_pipeline = <MagicMock id='2341340434784'>

    def test_init(self, mock_uow, mock_ingestion_pipeline):
        """Test dispatcher initialization."""
        dispatcher = InProcessJobDispatcher(mock_uow, mock_ingestion_pipeline)
>       assert dispatcher._uow is mock_uow
               ^^^^^^^^^^^^^^^
E       AttributeError: 'InProcessJobDispatcher' object has no attribute '_uow'

tests\jobs\test_in_process_dispatcher.py:32: AttributeError
________________________ TestBM25Provider.test_search _________________________

self = <tests.keyword_search.test_bm25_provider.TestBM25Provider object at 0x00000221225E2A80>

    def test_search(self):
        """Test searching the index."""
        provider = BM25Provider()
        provider.create_index()
    
        # Add chunks
        chunks = [
            (str(uuid4()), "invoice number 12345", None),
            (str(uuid4()), "employee ID 67890", None),
            (str(uuid4()), "API endpoint /users", None),
        ]
        provider.add_chunks(chunks)
    
        # Search for "invoice"
        results = provider.search("invoice", top_k=2)
    
        assert len(results) > 0
        assert all(isinstance(r, tuple) and len(r) == 2 for r in results)
>       assert all(isinstance(r[0], str) and isinstance(r[1], float) for r in results)
E       assert False
E        +  where False = all(<generator object TestBM25Provider.test_search.<locals>.<genexpr> at 0x000002212574ACE0>)

tests\keyword_search\test_bm25_provider.py:143: AssertionError
________ TestKeywordIndexService.test_initialize_index_loads_existing _________

self = <tests.keyword_search.test_keyword_index_service.TestKeywordIndexService object at 0x00000221226B8A50>
tmp_path = WindowsPath('C:/Users/eshwar akhilesh/AppData/Local/Temp/pytest-of-eshwar akhilesh/pytest-8/test_initialize_index_loads_ex0')

    def test_initialize_index_loads_existing(self, tmp_path):
        """Test initialization loads existing index."""
        mock_provider = MagicMock()
        mock_index_path = tmp_path / "bm25_index.pkl"
        mock_index_path.mkdir(parents=True, exist_ok=True)
    
        service = KeywordIndexService(mock_provider)
        service._index_path = str(mock_index_path)
    
        # Mock load_index
        mock_provider.load_index.return_value = None
    
        service.initialize_index()
    
>       mock_provider.load_index.assert_called_once()

tests\keyword_search\test_keyword_index_service.py:33: 
_ _ _ _ _ _ _ _ _ _ _ _ _ _ _ _ _ _ _ _ _ _ _ _ _ _ _ _ _ _ _ _ _ _ _ _ _ _ _ _

self = <MagicMock name='mock.load_index' id='2341340439824'>

    def assert_called_once(self):
        """assert that the mock was called only once.
        """
        if not self.call_count == 1:
            msg = ("Expected '%s' to have been called once. Called %s times.%s"
                   % (self._mock_name or 'mock',
                      self.call_count,
                      self._calls_repr()))
>           raise AssertionError(msg)
E           AssertionError: Expected 'load_index' to have been called once. Called 0 times.

C:\Python313\Lib\unittest\mock.py:958: AssertionError
______________ TestHybridRetrieval.test_semantic_only_retrieval _______________

self = <tests.retrieval.test_hybrid_retrieval.TestHybridRetrieval object at 0x00000221226B8E10>
retriever_service = <app.retrieval.services.retriever_service.RetrieverService object at 0x0000022122C3C830>
mock_vector_provider = <MagicMock id='2341342521264'>
mock_keyword_provider = <MagicMock id='2341342520928'>

    @pytest.mark.asyncio
    async def test_semantic_only_retrieval(
        self, retriever_service, mock_vector_provider, mock_keyword_provider
    ):
        """Test retrieval with only semantic search (keyword disabled)."""
        with patch.object(get_settings(), "HYBRID_RETRIEVAL_ENABLED", False):
            # Setup
            mock_vector_provider.search = AsyncMock(
                return_value=[
                    MagicMock(vector_id="chunk1", similarity_score=0.9),
                    MagicMock(vector_id="chunk2", similarity_score=0.8),
                ]
            )
    
            # Mock chunk loading
            mock_chunk = MagicMock()
            mock_chunk.id = uuid4()
            mock_chunk.document_id = uuid4()
            mock_chunk.chunk_index = 0
            mock_chunk.text = "Test chunk"
            mock_chunk.page_number = 1
            mock_chunk.metadata = {}
    
            retriever_service._load_chunks_by_chunk_ids = AsyncMock(
                return_value={
                    "chunk1": mock_chunk,
                    "chunk2": mock_chunk,
                }
            )
    
            # Execute
            results = await retriever_service.retrieve("test query", top_k=2)
    
            # Verify
>           assert len(results) == 2
E           assert 1 == 2
E            +  where 1 = len([<RelevantChunk(doc_id=b3d75637-bbf7-4e6f-a64b-1f1e5baf2dcd, chunk_idx=0, score=0.9000)>])

tests\retrieval\test_hybrid_retrieval.py:95: AssertionError
_______________ TestHybridRetrieval.test_keyword_only_retrieval _______________

self = <tests.retrieval.test_hybrid_retrieval.TestHybridRetrieval object at 0x00000221226B9A90>
retriever_service = <app.retrieval.services.retriever_service.RetrieverService object at 0x00000221242E0550>
mock_vector_provider = <MagicMock id='2341342747616'>
mock_keyword_provider = <MagicMock id='2341342740896'>

    @pytest.mark.asyncio
    async def test_keyword_only_retrieval(
        self, retriever_service, mock_vector_provider, mock_keyword_provider
    ):
        """Test retrieval with only keyword search (semantic returns empty)."""
        with patch.object(get_settings(), "HYBRID_RETRIEVAL_ENABLED", True):
            # Setup
            mock_vector_provider.search = AsyncMock(return_value=[])
            mock_keyword_provider.search = MagicMock(
                return_value=[
                    ("chunk1", 0.9),
                    ("chunk2", 0.8),
                ]
            )
    
            # Mock chunk loading
            mock_chunk = MagicMock()
            mock_chunk.id = uuid4()
            mock_chunk.document_id = uuid4()
            mock_chunk.chunk_index = 0
            mock_chunk.text = "Test chunk"
            mock_chunk.page_number = 1
            mock_chunk.metadata = {}
    
            retriever_service._load_chunks_by_chunk_ids = AsyncMock(
                return_value={
                    "chunk1": mock_chunk,
                    "chunk2": mock_chunk,
                }
            )
    
            # Execute
            results = await retriever_service.retrieve("test query", top_k=2)
    
            # Verify
>           assert len(results) == 2
E           assert 1 == 2
E            +  where 1 = len([<RelevantChunk(doc_id=7177b3d9-0aea-48c5-b623-f41f2f461035, chunk_idx=0, score=1.0000)>])

tests\retrieval\test_hybrid_retrieval.py:133: AssertionError
_______________ TestHybridRetrieval.test_hybrid_retrieval_merge _______________

self = <tests.retrieval.test_hybrid_retrieval.TestHybridRetrieval object at 0x0000022122699F30>
retriever_service = <app.retrieval.services.retriever_service.RetrieverService object at 0x00000221242E0190>
mock_vector_provider = <MagicMock id='2341445914976'>
mock_keyword_provider = <MagicMock id='2341445920352'>

    @pytest.mark.asyncio
    async def test_hybrid_retrieval_merge(
        self, retriever_service, mock_vector_provider, mock_keyword_provider
    ):
        """Test hybrid retrieval with merged results."""
        with patch.object(get_settings(), "HYBRID_RETRIEVAL_ENABLED", True):
            # Setup
            mock_vector_provider.search = AsyncMock(
                return_value=[
                    MagicMock(vector_id="chunk1", similarity_score=0.9),
                    MagicMock(vector_id="chunk2", similarity_score=0.7),
                ]
            )
            mock_keyword_provider.search = MagicMock(
                return_value=[
                    ("chunk2", 0.8),
                    ("chunk3", 0.85),
                ]
            )
    
            # Mock chunk loading
            mock_chunk = MagicMock()
            mock_chunk.id = uuid4()
            mock_chunk.document_id = uuid4()
            mock_chunk.chunk_index = 0
            mock_chunk.text = "Test chunk"
            mock_chunk.page_number = 1
            mock_chunk.metadata = {}
    
            retriever_service._load_chunks_by_chunk_ids = AsyncMock(
                return_value={
                    "chunk1": mock_chunk,
                    "chunk2": mock_chunk,
                    "chunk3": mock_chunk,
                }
            )
    
            # Execute
            results = await retriever_service.retrieve("test query", top_k=3)
    
            # Verify - should have 3 unique chunks
>           assert len(results) == 3
E           assert 1 == 3
E            +  where 1 = len([<RelevantChunk(doc_id=3472bf1c-c647-4b1a-84e3-c05fc3c59f6f, chunk_idx=0, score=1.0000)>])

tests\retrieval\test_hybrid_retrieval.py:177: AssertionError
_____ TestHybridRetrieval.test_duplicate_merging_preserves_highest_score ______

self = <tests.retrieval.test_hybrid_retrieval.TestHybridRetrieval object at 0x000002212269A060>
retriever_service = <app.retrieval.services.retriever_service.RetrieverService object at 0x00000221235E4640>
mock_vector_provider = <MagicMock id='2341445918336'>
mock_keyword_provider = <MagicMock id='2341445917664'>

    @pytest.mark.asyncio
    async def test_duplicate_merging_preserves_highest_score(
        self, retriever_service, mock_vector_provider, mock_keyword_provider
    ):
        """Test that duplicate chunks preserve the highest score."""
        with patch.object(get_settings(), "HYBRID_RETRIEVAL_ENABLED", True):
            # Setup - same chunk in both results with different scores
            mock_vector_provider.search = AsyncMock(
                return_value=[
                    MagicMock(vector_id="chunk1", similarity_score=0.7),
                ]
            )
            mock_keyword_provider.search = MagicMock(
                return_value=[
                    ("chunk1", 0.9),
                ]
            )
    
            # Mock chunk loading
            mock_chunk = MagicMock()
            mock_chunk.id = uuid4()
            mock_chunk.document_id = uuid4()
            mock_chunk.chunk_index = 0
            mock_chunk.text = "Test chunk"
            mock_chunk.page_number = 1
            mock_chunk.metadata = {}
    
            retriever_service._load_chunks_by_chunk_ids = AsyncMock(
                return_value={
                    "chunk1": mock_chunk,
                }
            )
    
            # Execute
            results = await retriever_service.retrieve("test query", top_k=1)
    
            # Verify - should preserve higher score (0.9 from keyword)
            assert len(results) == 1
>           assert results[0].similarity_score == 0.9
E           assert 1.0 == 0.9
E            +  where 1.0 = <RelevantChunk(doc_id=e521e500-9a19-4f74-975c-f3621ecdc7a4, chunk_idx=0, score=1.0000)>.similarity_score

tests\retrieval\test_hybrid_retrieval.py:220: AssertionError
_____________________ TestLogin.test_login_unknown_email ______________________

self = <test_authentication_service.TestLogin object at 0x00000221226BA490>
auth_service = <app.services.authentication_service.AuthenticationServiceImpl object at 0x00000221235E4510>
mock_uow = <AsyncMock id='2341349918768'>

    @pytest.mark.asyncio
    async def test_login_unknown_email(self, auth_service, mock_uow):
        """Test login with unknown email."""
        # Setup
        mock_uow.user_repository.get_by_email.return_value = None
    
        # Execute
>       with pytest.raises(InvalidCredentialsException):
             ^^^^^^^^^^^^^^^^^^^^^^^^^^^^^^^^^^^^^^^^^^
E       Failed: DID NOT RAISE InvalidCredentialsException

tests\services\test_authentication_service.py:81: Failed
_____________________ TestLogin.test_login_inactive_user ______________________

self = <test_authentication_service.TestLogin object at 0x0000022122699E00>
auth_service = <app.services.authentication_service.AuthenticationServiceImpl object at 0x00000221235E48A0>
mock_uow = <AsyncMock id='2341340442512'>
mock_user = <MagicMock name='mock.user_repository.get_by_email()' spec='User' id='2341340435792'>

    @pytest.mark.asyncio
    async def test_login_inactive_user(self, auth_service, mock_uow, mock_user):
        """Test login with inactive user."""
        # Setup
        mock_user.is_active = False
        mock_uow.user_repository.get_by_email.return_value = mock_user
    
        # Execute
>       with pytest.raises(InactiveUserException):
             ^^^^^^^^^^^^^^^^^^^^^^^^^^^^^^^^^^^^
E       Failed: DID NOT RAISE InactiveUserException

tests\services\test_authentication_service.py:92: Failed
____________________ TestLogin.test_login_invalid_password ____________________

self = <test_authentication_service.TestLogin object at 0x000002212269A3F0>
auth_service = <app.services.authentication_service.AuthenticationServiceImpl object at 0x000002212366F1D0>
mock_uow = <AsyncMock id='2341340441168'>
mock_user = <MagicMock name='mock.user_repository.get_by_email()' spec='User' id='2341340433104'>

    @pytest.mark.asyncio
    async def test_login_invalid_password(self, auth_service, mock_uow, mock_user):
        """Test login with invalid password."""
        # Setup
        mock_uow.user_repository.get_by_email.return_value = mock_user
    
        with patch("app.services.authentication_service.verify_password", return_value=False):
            # Execute
>           with pytest.raises(InvalidCredentialsException):
                 ^^^^^^^^^^^^^^^^^^^^^^^^^^^^^^^^^^^^^^^^^^
E           Failed: DID NOT RAISE InvalidCredentialsException

tests\services\test_authentication_service.py:103: Failed
_____________ TestRefreshToken.test_refresh_token_user_not_found ______________

self = <test_authentication_service.TestRefreshToken object at 0x000002212269A780>
auth_service = <app.services.authentication_service.AuthenticationServiceImpl object at 0x000002212434BD50>
mock_uow = <AsyncMock id='2341342753664'>

    @pytest.mark.asyncio
    async def test_refresh_token_user_not_found(self, auth_service, mock_uow):
        """Test refresh with non-existent user."""
        # Setup
        mock_uow.user_repository.get_by_id.return_value = None
    
        with patch("app.services.authentication_service.decode_token") as mock_decode:
            mock_decode.return_value = {
                "sub": str(UUID("123e4567-e89b-12d3-a456-426614174000")),
                "type": "refresh",
            }
    
            # Execute
>           with pytest.raises(InvalidCredentialsException):
                 ^^^^^^^^^^^^^^^^^^^^^^^^^^^^^^^^^^^^^^^^^^
E           Failed: DID NOT RAISE InvalidCredentialsException

tests\services\test_authentication_service.py:172: Failed
______________ TestRefreshToken.test_refresh_token_inactive_user ______________

self = <test_authentication_service.TestRefreshToken object at 0x00000221226E45F0>
auth_service = <app.services.authentication_service.AuthenticationServiceImpl object at 0x0000022123BA27B0>
mock_uow = <AsyncMock id='2341342526304'>
mock_user = <MagicMock name='mock.user_repository.get_by_id()' spec='User' id='2341342519248'>

    @pytest.mark.asyncio
    async def test_refresh_token_inactive_user(self, auth_service, mock_uow, mock_user):
        """Test refresh with inactive user."""
        # Setup
        mock_user.is_active = False
        mock_uow.user_repository.get_by_id.return_value = mock_user
    
        with patch("app.services.authentication_service.decode_token") as mock_decode:
            mock_decode.return_value = {"sub": str(mock_user.id), "type": "refresh"}
    
            # Execute
>           with pytest.raises(InactiveUserException):
                 ^^^^^^^^^^^^^^^^^^^^^^^^^^^^^^^^^^^^
E           Failed: DID NOT RAISE InactiveUserException

tests\services\test_authentication_service.py:186: Failed
______________ TestVerifyToken.test_verify_token_user_not_found _______________

self = <test_authentication_service.TestVerifyToken object at 0x000002212269A9E0>
auth_service = <app.services.authentication_service.AuthenticationServiceImpl object at 0x000002212598EA90>
mock_uow = <AsyncMock id='2341342754672'>

    @pytest.mark.asyncio
    async def test_verify_token_user_not_found(self, auth_service, mock_uow):
        """Test verify with non-existent user."""
        # Setup
        mock_uow.user_repository.get_by_id.return_value = None
    
        with patch("app.services.authentication_service.decode_token") as mock_decode:
            mock_decode.return_value = {
                "sub": str(UUID("123e4567-e89b-12d3-a456-426614174000")),
                "type": "access",
            }
    
            # Execute
>           with pytest.raises(InvalidCredentialsException):
                 ^^^^^^^^^^^^^^^^^^^^^^^^^^^^^^^^^^^^^^^^^^
E           Failed: DID NOT RAISE InvalidCredentialsException

tests\services\test_authentication_service.py:246: Failed
_______________ TestVerifyToken.test_verify_token_inactive_user _______________

self = <test_authentication_service.TestVerifyToken object at 0x000002212270B410>
auth_service = <app.services.authentication_service.AuthenticationServiceImpl object at 0x0000022122E9A690>
mock_uow = <AsyncMock id='2341342749968'>
mock_user = <MagicMock name='mock.user_repository.get_by_id()' spec='User' id='2341342755680'>

    @pytest.mark.asyncio
    async def test_verify_token_inactive_user(self, auth_service, mock_uow, mock_user):
        """Test verify with inactive user."""
        # Setup
        mock_user.is_active = False
        mock_uow.user_repository.get_by_id.return_value = mock_user
    
        with patch("app.services.authentication_service.decode_token") as mock_decode:
            mock_decode.return_value = {"sub": str(mock_user.id), "type": "access"}
    
            # Execute
>           with pytest.raises(InactiveUserException):
                 ^^^^^^^^^^^^^^^^^^^^^^^^^^^^^^^^^^^^
E           Failed: DID NOT RAISE InactiveUserException

tests\services\test_authentication_service.py:260: Failed
___________ TestConversationService.test_list_conversations_success ___________

self = <test_conversation_service.TestConversationService object at 0x00000221226BAD50>
conversation_service = <app.services.conversation_service.ConversationService object at 0x0000022122E39010>
mock_session_repository = <AsyncMock id='2341342745936'>
mock_message_repository = <AsyncMock id='2341342741568'>

    @pytest.mark.asyncio
    async def test_list_conversations_success(
        self,
        conversation_service,
        mock_session_repository,
        mock_message_repository,
    ):
        """Test successful conversation listing."""
        # Setup
        user_id = uuid4()
        session1 = ChatSession(
            id=uuid4(),
            user_id=user_id,
            title="Session 1",
            created_at=datetime(2024, 1, 1, 10, 0, 0),
            updated_at=datetime(2024, 1, 1, 11, 0, 0),
        )
        session2 = ChatSession(
            id=uuid4(),
            user_id=user_id,
            title="Session 2",
            created_at=datetime(2024, 1, 2, 10, 0, 0),
            updated_at=datetime(2024, 1, 2, 11, 0, 0),
        )
    
        mock_session_repository.list_with_message_info.return_value = [
            {
                "session": session1,
                "message_count": 5,
                "last_message_preview": "Hello world, this is a longer message that should be truncated",
            },
            {
                "session": session2,
                "message_count": 3,
                "last_message_preview": "Short message",
            },
        ]
    
        # Execute
        result = await conversation_service.list_conversations(user_id)
    
        # Assert
        assert len(result) == 2
        assert all("session_id" in conv for conv in result)
        assert all("created_at" in conv for conv in result)
        assert all("updated_at" in conv for conv in result)
        assert all("message_count" in conv for conv in result)
        assert all("last_message_preview" in conv for conv in result)
        # Verify ordering by updated_at DESC (from repository)
>       assert result[0]["updated_at"] >= result[1]["updated_at"]
E       assert datetime.datetime(2024, 1, 1, 11, 0) >= datetime.datetime(2024, 1, 2, 11, 0)

tests\services\test_conversation_service.py:88: AssertionError
________________ TestDownloadDocument.test_document_not_found _________________

self = <test_document_download_service.TestDownloadDocument object at 0x00000221226BB250>
service = <app.services.document_download_service.DocumentDownloadServiceImpl object at 0x00000221242E16D0>
mock_uow = <AsyncMock id='2341445923040'>

    async def test_document_not_found(self, service, mock_uow):
        """Test download when document does not exist."""
        # Setup
        document_id = uuid4()
        user_id = uuid4()
        mock_uow.document_repository.get_by_id.return_value = None
    
        # Execute & Assert
>       with pytest.raises(DocumentServiceException) as exc_info:
             ^^^^^^^^^^^^^^^^^^^^^^^^^^^^^^^^^^^^^^^
E       Failed: DID NOT RAISE DocumentServiceException

tests\services\test_document_download_service.py:102: Failed
________________ TestDownloadDocument.test_unauthorized_access ________________

self = <test_document_download_service.TestDownloadDocument object at 0x000002212269AFD0>
service = <app.services.document_download_service.DocumentDownloadServiceImpl object at 0x00000221242E0410>
mock_uow = <AsyncMock id='2341445910608'>
sample_document = <Document(id=f10f3b7b-fb98-4292-8934-23e927f98884, stored_filename=test.pdf, file_type=PDF)>

    async def test_unauthorized_access(self, service, mock_uow, sample_document):
        """Test download when user does not own the document."""
        # Setup
        user_id = uuid4()
        owner_id = uuid4()
        sample_document.user_id = owner_id
    
        mock_uow.document_repository.get_by_id.return_value = sample_document
    
        # Execute & Assert
>       with pytest.raises(DocumentServiceException) as exc_info:
             ^^^^^^^^^^^^^^^^^^^^^^^^^^^^^^^^^^^^^^^
E       Failed: DID NOT RAISE DocumentServiceException

tests\services\test_document_download_service.py:117: Failed
________________ TestDownloadDocument.test_file_not_in_storage ________________

self = <test_document_download_service.TestDownloadDocument object at 0x000002212269B100>
service = <app.services.document_download_service.DocumentDownloadServiceImpl object at 0x00000221235E69E0>
mock_uow = <AsyncMock id='2341342521264'>
mock_storage_provider = <AsyncMock id='2341340446208'>
sample_document = <Document(id=babca34d-f306-484a-96a2-c963df470ed4, stored_filename=test.pdf, file_type=PDF)>

    async def test_file_not_in_storage(
        self, service, mock_uow, mock_storage_provider, sample_document
    ):
        """Test download when file is missing from storage."""
        # Setup
        user_id = uuid4()
        sample_document.user_id = user_id
    
        mock_uow.document_repository.get_by_id.return_value = sample_document
        mock_storage_provider.open.side_effect = FileStorageException("File not found")
    
        # Execute & Assert
>       with pytest.raises(DocumentServiceException) as exc_info:
             ^^^^^^^^^^^^^^^^^^^^^^^^^^^^^^^^^^^^^^^
E       Failed: DID NOT RAISE DocumentServiceException

tests\services\test_document_download_service.py:134: Failed
__________________ TestDownloadDocument.test_database_error ___________________

self = <test_document_download_service.TestDownloadDocument object at 0x00000221226C2140>
service = <app.services.document_download_service.DocumentDownloadServiceImpl object at 0x000002212504ACF0>
mock_uow = <AsyncMock id='2341340438480'>

    async def test_database_error(self, service, mock_uow):
        """Test download when database error occurs."""
        # Setup
        document_id = uuid4()
        user_id = uuid4()
        mock_uow.document_repository.get_by_id.side_effect = Exception("Database error")
    
        # Execute & Assert
>       with pytest.raises(DocumentServiceException):
             ^^^^^^^^^^^^^^^^^^^^^^^^^^^^^^^^^^^^^^^
E       Failed: DID NOT RAISE DocumentServiceException

tests\services\test_document_download_service.py:183: Failed
__________ TestSummarizeDocument.test_summarize_document_no_content ___________

self = <test_document_processing_service.TestSummarizeDocument object at 0x000002212269B950>
mock_uow_factory = <MagicMock id='2341387489968'>
mock_uow = <AsyncMock id='2341342751312'>
mock_llm_provider = <AsyncMock id='2341387489632'>

    @pytest.mark.asyncio
    async def test_summarize_document_no_content(
        self,
        mock_uow_factory,
        mock_uow,
        mock_llm_provider,
    ):
        """Test summarization when document content is not found."""
        # Setup
        document_id = uuid4()
        mock_uow.document_content_repository.get_by_document_id = AsyncMock(return_value=None)
        mock_llm_provider.generate_summary = AsyncMock(return_value="Summary")
    
        service = DocumentProcessingServiceImpl(
            uow_factory=mock_uow_factory,
            extraction_service=AsyncMock(),
            chunking_service=AsyncMock(),
            embedding_service=AsyncMock(),
            vector_index_service=AsyncMock(),
            llm_provider=mock_llm_provider,
        )
    
        # Execute & Assert
>       with pytest.raises(DocumentProcessingException) as exc_info:
             ^^^^^^^^^^^^^^^^^^^^^^^^^^^^^^^^^^^^^^^^^^
E       Failed: DID NOT RAISE DocumentProcessingException

tests\services\test_document_processing_service.py:203: Failed
__________ TestSummarizeDocument.test_summarize_document_no_raw_text __________

self = <test_document_processing_service.TestSummarizeDocument object at 0x0000022122660950>
mock_uow_factory = <MagicMock id='2341349925152'>
mock_uow = <AsyncMock id='2341342742240'>
mock_llm_provider = <AsyncMock id='2341349919440'>
mock_document_content = <MagicMock spec='DocumentContent' id='2341349924144'>

    @pytest.mark.asyncio
    async def test_summarize_document_no_raw_text(
        self,
        mock_uow_factory,
        mock_uow,
        mock_llm_provider,
        mock_document_content,
    ):
        """Test summarization when raw text is not available."""
        # Setup
        document_id = uuid4()
        mock_document_content.raw_text = None
        mock_uow.document_content_repository.get_by_document_id = AsyncMock(
            return_value=mock_document_content
        )
        mock_llm_provider.generate_summary = AsyncMock(return_value="Summary")
    
        service = DocumentProcessingServiceImpl(
            uow_factory=mock_uow_factory,
            extraction_service=AsyncMock(),
            chunking_service=AsyncMock(),
            embedding_service=AsyncMock(),
            vector_index_service=AsyncMock(),
            llm_provider=mock_llm_provider,
        )
    
        # Execute & Assert
>       with pytest.raises(DocumentProcessingException) as exc_info:
             ^^^^^^^^^^^^^^^^^^^^^^^^^^^^^^^^^^^^^^^^^^
E       Failed: DID NOT RAISE DocumentProcessingException

tests\services\test_document_processing_service.py:235: Failed
__________ TestSummarizeDocument.test_summarize_document_llm_failure __________

self = <test_document_processing_service.TestSummarizeDocument object at 0x00000221226C2580>
mock_uow_factory = <MagicMock id='2341349929520'>
mock_uow = <AsyncMock id='2341349921120'>
mock_llm_provider = <AsyncMock id='2341349929856'>
mock_document_content = <MagicMock spec='DocumentContent' id='2341349930528'>

    @pytest.mark.asyncio
    async def test_summarize_document_llm_failure(
        self,
        mock_uow_factory,
        mock_uow,
        mock_llm_provider,
        mock_document_content,
    ):
        """Test summarization when LLM fails."""
        # Setup
        document_id = uuid4()
        mock_uow.document_content_repository.get_by_document_id = AsyncMock(
            return_value=mock_document_content
        )
        mock_llm_provider.generate_summary = AsyncMock(side_effect=Exception("LLM error"))
    
        service = DocumentProcessingServiceImpl(
            uow_factory=mock_uow_factory,
            extraction_service=AsyncMock(),
            chunking_service=AsyncMock(),
            embedding_service=AsyncMock(),
            vector_index_service=AsyncMock(),
            llm_provider=mock_llm_provider,
        )
    
        # Execute & Assert
>       with pytest.raises(DocumentProcessingException) as exc_info:
             ^^^^^^^^^^^^^^^^^^^^^^^^^^^^^^^^^^^^^^^^^^
E       Failed: DID NOT RAISE DocumentProcessingException

tests\services\test_document_processing_service.py:266: Failed
____________ TestAudioProcessing.test_audio_transcription_failure _____________

self = <test_document_processing_service.TestAudioProcessing object at 0x00000221226BBB10>
mock_uow_factory = <MagicMock id='2341445922368'>
mock_uow = <AsyncMock id='2341342525968'>
mock_extraction_service = <AsyncMock id='2341445924048'>
mock_document = <MagicMock id='2341445923712'>

    @pytest.mark.asyncio
    async def test_audio_transcription_failure(
        self,
        mock_uow_factory,
        mock_uow,
        mock_extraction_service,
        mock_document,
    ):
        """Test handling of transcription failure."""
        # Setup
        document_id = uuid4()
        mock_document.file_type = FileType.AUDIO
        mock_uow.document_repository.get_by_id = AsyncMock(return_value=mock_document)
        mock_extraction_service.extract = AsyncMock(side_effect=Exception("Transcription failed"))
    
        service = DocumentProcessingServiceImpl(
            uow_factory=mock_uow_factory,
            extraction_service=mock_extraction_service,
            chunking_service=AsyncMock(),
            embedding_service=AsyncMock(),
            vector_index_service=AsyncMock(),
            llm_provider=None,
        )
    
        # Execute & Assert
>       with pytest.raises(DocumentProcessingException) as exc_info:
             ^^^^^^^^^^^^^^^^^^^^^^^^^^^^^^^^^^^^^^^^^^
E       Failed: DID NOT RAISE DocumentProcessingException

tests\services\test_document_processing_service.py:448: Failed
______ TestAudioProcessing.test_audio_summarization_after_transcription _______

self = <test_document_processing_service.TestAudioProcessing object at 0x000002212269BBB0>
mock_uow_factory = <MagicMock id='2341349919440'>
mock_uow = <AsyncMock id='2341349920784'>
mock_extraction_service = <AsyncMock id='2341349925152'>
mock_llm_provider = <AsyncMock id='2341349923472'>
mock_document = <MagicMock id='2341349918432'>
mock_document_content = <MagicMock spec='DocumentContent' id='2341349917424'>

    @pytest.mark.asyncio
    async def test_audio_summarization_after_transcription(
        self,
        mock_uow_factory,
        mock_uow,
        mock_extraction_service,
        mock_llm_provider,
        mock_document,
        mock_document_content,
    ):
        """Test that summarization works after audio transcription."""
        # Setup
        document_id = uuid4()
        mock_document.file_type = FileType.AUDIO
        mock_uow.document_repository.get_by_id = AsyncMock(return_value=mock_document)
        mock_uow.document_content_repository.get_by_document_id = AsyncMock(
            return_value=mock_document_content
        )
    
        from app.ingestion.models.extraction import ExtractionResult
    
        mock_extraction_service.extract = AsyncMock(
            return_value=ExtractionResult(
                raw_text="Transcribed audio text",
                pages=[],
                metadata={"language": "en"},
                page_count=None,
                character_count=25,
                duration=120.5,
                language="en",
            )
        )
        mock_llm_provider.generate_summary = AsyncMock(return_value="Audio summary")
    
        service = DocumentProcessingServiceImpl(
            uow_factory=mock_uow_factory,
            extraction_service=mock_extraction_service,
            chunking_service=AsyncMock(),
            embedding_service=AsyncMock(),
            vector_index_service=AsyncMock(),
            llm_provider=mock_llm_provider,
        )
    
        # Execute
        await service.extract_document(document_id)
        await service.summarize_document(document_id)
    
        # Assert
>       mock_llm_provider.generate_summary.assert_called_once_with("Transcribed audio text")

tests\services\test_document_processing_service.py:501: 
_ _ _ _ _ _ _ _ _ _ _ _ _ _ _ _ _ _ _ _ _ _ _ _ _ _ _ _ _ _ _ _ _ _ _ _ _ _ _ _
C:\Python313\Lib\unittest\mock.py:991: in assert_called_once_with
    return self.assert_called_with(*args, **kwargs)
           ^^^^^^^^^^^^^^^^^^^^^^^^^^^^^^^^^^^^^^^^
_ _ _ _ _ _ _ _ _ _ _ _ _ _ _ _ _ _ _ _ _ _ _ _ _ _ _ _ _ _ _ _ _ _ _ _ _ _ _ _

self = <AsyncMock name='mock.generate_summary' id='2341453092848'>
args = ('Transcribed audio text',), kwargs = {}

    def assert_called_with(self, /, *args, **kwargs):
        """assert that the last call was made with the specified arguments.
    
        Raises an AssertionError if the args and keyword args passed in are
        different to the last call to the mock."""
        if self.call_args is None:
            expected = self._format_mock_call_signature(args, kwargs)
            actual = 'not called.'
            error_message = ('expected call not found.\nExpected: %s\n  Actual: %s'
                    % (expected, actual))
            raise AssertionError(error_message)
    
        def _error_message():
            msg = self._format_mock_failure_message(args, kwargs)
            return msg
        expected = self._call_matcher(_Call((args, kwargs), two=True))
        actual = self._call_matcher(self.call_args)
        if actual != expected:
            cause = expected if isinstance(expected, Exception) else None
>           raise AssertionError(_error_message()) from cause
E           AssertionError: expected call not found.
E           Expected: generate_summary('Transcribed audio text')
E             Actual: generate_summary('This is the extracted document text.')

C:\Python313\Lib\unittest\mock.py:979: AssertionError
_________ TestAudioProcessing.test_audio_chunking_after_transcription _________

self = <test_document_processing_service.TestAudioProcessing object at 0x000002212269BCE0>
mock_uow_factory = <MagicMock id='2341453101248'>
mock_uow = <AsyncMock id='2341453099232'>
mock_extraction_service = <AsyncMock id='2341453101584'>
mock_chunking_service = <AsyncMock id='2341453102256'>
mock_document = <MagicMock id='2341453332560'>
mock_document_content = <MagicMock spec='DocumentContent' id='2341453332896'>

    @pytest.mark.asyncio
    async def test_audio_chunking_after_transcription(
        self,
        mock_uow_factory,
        mock_uow,
        mock_extraction_service,
        mock_chunking_service,
        mock_document,
        mock_document_content,
    ):
        """Test that chunking works after audio transcription."""
        # Setup
        document_id = uuid4()
        mock_document.file_type = FileType.AUDIO
        mock_uow.document_repository.get_by_id = AsyncMock(return_value=mock_document)
        mock_uow.document_content_repository.get_by_document_id = AsyncMock(
            return_value=mock_document_content
        )
        mock_uow.document_chunk_repository.list_by_document = AsyncMock(return_value=[])
    
        from app.ingestion.models.extraction import ExtractionResult
    
        mock_extraction_service.extract = AsyncMock(
            return_value=ExtractionResult(
                raw_text="Transcribed audio text for chunking",
                pages=[],
                metadata={"language": "en"},
                page_count=None,
                character_count=40,
                duration=120.5,
                language="en",
            )
        )
    
        # Mock chunk objects
        class MockChunk:
            def __init__(self, text):
                self.text = text
                self.chunk_index = 0
                self.page_number = None
                self.start_character = 0
                self.end_character = len(text)
                self.metadata = {}
    
        mock_chunking_service.chunk = AsyncMock(
            return_value=[MockChunk("Chunk 1"), MockChunk("Chunk 2")]
        )
    
        service = DocumentProcessingServiceImpl(
            uow_factory=mock_uow_factory,
            extraction_service=mock_extraction_service,
            chunking_service=mock_chunking_service,
            embedding_service=AsyncMock(),
            vector_index_service=AsyncMock(),
            llm_provider=None,
        )
    
        # Execute
        await service.extract_document(document_id)
        chunks = await service.chunk_document(document_id)
    
        # Assert
>       assert len(chunks) == 2
               ^^^^^^^^^^^
E       TypeError: object of type 'NoneType' has no len()

tests\services\test_document_processing_service.py:565: TypeError
______________ TestAudioProcessing.test_complete_audio_pipeline _______________

self = <test_document_processing_service.TestAudioProcessing object at 0x0000022122754170>
mock_uow_factory = <MagicMock id='2341453346000'>
mock_uow = <AsyncMock id='2341453343984'>
mock_extraction_service = <AsyncMock id='2341453346336'>
mock_chunking_service = <AsyncMock id='2341453347008'>
mock_embedding_service = <AsyncMock id='2341453347680'>
mock_vector_index_service = <AsyncMock id='2341453348352'>
mock_llm_provider = <AsyncMock id='2341452972448'>
mock_document = <MagicMock id='2341452973120'>
mock_document_content = <MagicMock spec='DocumentContent' id='2341452973456'>

    @pytest.mark.asyncio
    async def test_complete_audio_pipeline(
        self,
        mock_uow_factory,
        mock_uow,
        mock_extraction_service,
        mock_chunking_service,
        mock_embedding_service,
        mock_vector_index_service,
        mock_llm_provider,
        mock_document,
        mock_document_content,
    ):
        """Test complete audio processing pipeline: transcription \u2192 summarization \u2192 chunking \u2192 embeddings \u2192 indexing."""
        # Setup
        document_id = uuid4()
        mock_document.file_type = FileType.AUDIO
        mock_uow.document_repository.get_by_id = AsyncMock(return_value=mock_document)
        mock_uow.document_content_repository.get_by_document_id = AsyncMock(
            return_value=mock_document_content
        )
        mock_uow.document_chunk_repository.list_by_document = AsyncMock(return_value=[])
    
        from app.ingestion.models.extraction import ExtractionResult
    
        mock_extraction_service.extract = AsyncMock(
            return_value=ExtractionResult(
                raw_text="Transcribed audio text",
                pages=[],
                metadata={"language": "en"},
                page_count=None,
                character_count=25,
                duration=120.5,
                language="en",
            )
        )
    
        class MockChunk:
            def __init__(self, text):
                self.text = text
                self.chunk_index = 0
                self.page_number = None
                self.start_character = 0
                self.end_character = len(text)
                self.metadata = {}
    
        mock_chunking_service.chunk = AsyncMock(return_value=[MockChunk("Chunk 1")])
        mock_embedding_service.generate_embeddings = AsyncMock(return_value=[[0.1, 0.2]])
        mock_vector_index_service.count_vectors = AsyncMock(return_value=0)
        mock_llm_provider.generate_summary = AsyncMock(return_value="Audio summary")
    
        service = DocumentProcessingServiceImpl(
            uow_factory=mock_uow_factory,
            extraction_service=mock_extraction_service,
            chunking_service=mock_chunking_service,
            embedding_service=mock_embedding_service,
            vector_index_service=mock_vector_index_service,
            llm_provider=mock_llm_provider,
        )
    
        # Execute
        await service.process(document_id)
    
        # Assert - all stages were called
>       mock_extraction_service.extract.assert_called_once()

tests\services\test_document_processing_service.py:632: 
_ _ _ _ _ _ _ _ _ _ _ _ _ _ _ _ _ _ _ _ _ _ _ _ _ _ _ _ _ _ _ _ _ _ _ _ _ _ _ _

self = <AsyncMock name='mock.extract' id='2341452977824'>

    def assert_called_once(self):
        """assert that the mock was called only once.
        """
        if not self.call_count == 1:
            msg = ("Expected '%s' to have been called once. Called %s times.%s"
                   % (self._mock_name or 'mock',
                      self.call_count,
                      self._calls_repr()))
>           raise AssertionError(msg)
E           AssertionError: Expected 'extract' to have been called once. Called 0 times.

C:\Python313\Lib\unittest\mock.py:958: AssertionError
____________ TestVideoProcessing.test_video_transcription_failure _____________

self = <test_document_processing_service.TestVideoProcessing object at 0x00000221226BBD90>
mock_uow_factory = <MagicMock id='2341349916752'>
mock_uow = <AsyncMock id='2341453100576'>
mock_extraction_service = <AsyncMock id='2341349917424'>
mock_document = <MagicMock id='2341349923472'>

    @pytest.mark.asyncio
    async def test_video_transcription_failure(
        self,
        mock_uow_factory,
        mock_uow,
        mock_extraction_service,
        mock_document,
    ):
        """Test handling of video transcription failure."""
        # Setup
        document_id = uuid4()
        mock_document.file_type = FileType.VIDEO
        mock_uow.document_repository.get_by_id = AsyncMock(return_value=mock_document)
        mock_extraction_service.extract = AsyncMock(
            side_effect=Exception("Video transcription failed")
        )
    
        service = DocumentProcessingServiceImpl(
            uow_factory=mock_uow_factory,
            extraction_service=mock_extraction_service,
            chunking_service=AsyncMock(),
            embedding_service=AsyncMock(),
            vector_index_service=AsyncMock(),
            llm_provider=None,
        )
    
        # Execute & Assert
>       with pytest.raises(DocumentProcessingException) as exc_info:
             ^^^^^^^^^^^^^^^^^^^^^^^^^^^^^^^^^^^^^^^^^^
E       Failed: DID NOT RAISE DocumentProcessingException

tests\services\test_document_processing_service.py:717: Failed
______ TestVideoProcessing.test_video_summarization_after_transcription _______

self = <test_document_processing_service.TestVideoProcessing object at 0x000002212269BE10>
mock_uow_factory = <MagicMock id='2341445913968'>
mock_uow = <AsyncMock id='2341445922032'>
mock_extraction_service = <AsyncMock id='2341445913296'>
mock_llm_provider = <AsyncMock id='2341445921696'>
mock_document = <MagicMock id='2341445914304'>
mock_document_content = <MagicMock spec='DocumentContent' id='2341445923376'>

    @pytest.mark.asyncio
    async def test_video_summarization_after_transcription(
        self,
        mock_uow_factory,
        mock_uow,
        mock_extraction_service,
        mock_llm_provider,
        mock_document,
        mock_document_content,
    ):
        """Test that summarization works after video transcription."""
        # Setup
        document_id = uuid4()
        mock_document.file_type = FileType.VIDEO
        mock_uow.document_repository.get_by_id = AsyncMock(return_value=mock_document)
        mock_uow.document_content_repository.get_by_document_id = AsyncMock(
            return_value=mock_document_content
        )
    
        from app.ingestion.models.extraction import ExtractionResult
    
        mock_extraction_service.extract = AsyncMock(
            return_value=ExtractionResult(
                raw_text="Transcribed video text",
                pages=[],
                metadata={"language": "en"},
                page_count=None,
                character_count=24,
                duration=180.5,
                language="en",
            )
        )
        mock_llm_provider.generate_summary = AsyncMock(return_value="Video summary")
    
        service = DocumentProcessingServiceImpl(
            uow_factory=mock_uow_factory,
            extraction_service=mock_extraction_service,
            chunking_service=AsyncMock(),
            embedding_service=AsyncMock(),
            vector_index_service=AsyncMock(),
            llm_provider=mock_llm_provider,
        )
    
        # Execute
        await service.extract_document(document_id)
        await service.summarize_document(document_id)
    
        # Assert
>       mock_llm_provider.generate_summary.assert_called_once_with("Transcribed video text")

tests\services\test_document_processing_service.py:770: 
_ _ _ _ _ _ _ _ _ _ _ _ _ _ _ _ _ _ _ _ _ _ _ _ _ _ _ _ _ _ _ _ _ _ _ _ _ _ _ _
C:\Python313\Lib\unittest\mock.py:991: in assert_called_once_with
    return self.assert_called_with(*args, **kwargs)
           ^^^^^^^^^^^^^^^^^^^^^^^^^^^^^^^^^^^^^^^^
_ _ _ _ _ _ _ _ _ _ _ _ _ _ _ _ _ _ _ _ _ _ _ _ _ _ _ _ _ _ _ _ _ _ _ _ _ _ _ _

self = <AsyncMock name='mock.generate_summary' id='2341342525968'>
args = ('Transcribed video text',), kwargs = {}

    def assert_called_with(self, /, *args, **kwargs):
        """assert that the last call was made with the specified arguments.
    
        Raises an AssertionError if the args and keyword args passed in are
        different to the last call to the mock."""
        if self.call_args is None:
            expected = self._format_mock_call_signature(args, kwargs)
            actual = 'not called.'
            error_message = ('expected call not found.\nExpected: %s\n  Actual: %s'
                    % (expected, actual))
            raise AssertionError(error_message)
    
        def _error_message():
            msg = self._format_mock_failure_message(args, kwargs)
            return msg
        expected = self._call_matcher(_Call((args, kwargs), two=True))
        actual = self._call_matcher(self.call_args)
        if actual != expected:
            cause = expected if isinstance(expected, Exception) else None
>           raise AssertionError(_error_message()) from cause
E           AssertionError: expected call not found.
E           Expected: generate_summary('Transcribed video text')
E             Actual: generate_summary('This is the extracted document text.')

C:\Python313\Lib\unittest\mock.py:979: AssertionError
_________ TestVideoProcessing.test_video_chunking_after_transcription _________

self = <test_document_processing_service.TestVideoProcessing object at 0x0000022122784050>
mock_uow_factory = <MagicMock id='2341340433776'>
mock_uow = <AsyncMock id='2341342516560'>
mock_extraction_service = <AsyncMock id='2341340442512'>
mock_chunking_service = <AsyncMock id='2341340433104'>
mock_document = <MagicMock id='2341340444528'>
mock_document_content = <MagicMock spec='DocumentContent' id='2341340431088'>

    @pytest.mark.asyncio
    async def test_video_chunking_after_transcription(
        self,
        mock_uow_factory,
        mock_uow,
        mock_extraction_service,
        mock_chunking_service,
        mock_document,
        mock_document_content,
    ):
        """Test that chunking works after video transcription."""
        # Setup
        document_id = uuid4()
        mock_document.file_type = FileType.VIDEO
        mock_uow.document_repository.get_by_id = AsyncMock(return_value=mock_document)
        mock_uow.document_content_repository.get_by_document_id = AsyncMock(
            return_value=mock_document_content
        )
        mock_uow.document_chunk_repository.list_by_document = AsyncMock(return_value=[])
    
        from app.ingestion.models.extraction import ExtractionResult
    
        mock_extraction_service.extract = AsyncMock(
            return_value=ExtractionResult(
                raw_text="Transcribed video text for chunking",
                pages=[],
                metadata={"language": "en"},
                page_count=None,
                character_count=39,
                duration=180.5,
                language="en",
            )
        )
    
        # Mock chunk objects
        class MockChunk:
            def __init__(self, text):
                self.text = text
                self.chunk_index = 0
                self.page_number = None
                self.start_character = 0
                self.end_character = len(text)
                self.metadata = {}
    
        mock_chunking_service.chunk = AsyncMock(
            return_value=[MockChunk("Chunk 1"), MockChunk("Chunk 2")]
        )
    
        service = DocumentProcessingServiceImpl(
            uow_factory=mock_uow_factory,
            extraction_service=mock_extraction_service,
            chunking_service=mock_chunking_service,
            embedding_service=AsyncMock(),
            vector_index_service=AsyncMock(),
            llm_provider=None,
        )
    
        # Execute
        await service.extract_document(document_id)
        chunks = await service.chunk_document(document_id)
    
        # Assert
>       assert len(chunks) == 2
               ^^^^^^^^^^^
E       TypeError: object of type 'NoneType' has no len()

tests\services\test_document_processing_service.py:834: TypeError
______________ TestVideoProcessing.test_complete_video_pipeline _______________

self = <test_document_processing_service.TestVideoProcessing object at 0x0000022122757D10>
mock_uow_factory = <MagicMock id='2341342746944'>
mock_uow = <AsyncMock id='2341342742576'>
mock_extraction_service = <AsyncMock id='2341342745600'>
mock_chunking_service = <AsyncMock id='2341342750304'>
mock_embedding_service = <AsyncMock id='2341342754000'>
mock_vector_index_service = <AsyncMock id='2341342756016'>
mock_llm_provider = <AsyncMock id='2341342751312'>
mock_document = <MagicMock id='2341342743584'>
mock_document_content = <MagicMock spec='DocumentContent' id='2341342740560'>

    @pytest.mark.asyncio
    async def test_complete_video_pipeline(
        self,
        mock_uow_factory,
        mock_uow,
        mock_extraction_service,
        mock_chunking_service,
        mock_embedding_service,
        mock_vector_index_service,
        mock_llm_provider,
        mock_document,
        mock_document_content,
    ):
        """Test complete video processing pipeline: transcription \u2192 summarization \u2192 chunking \u2192 embeddings \u2192 indexing."""
        # Setup
        document_id = uuid4()
        mock_document.file_type = FileType.VIDEO
        mock_uow.document_repository.get_by_id = AsyncMock(return_value=mock_document)
        mock_uow.document_content_repository.get_by_document_id = AsyncMock(
            return_value=mock_document_content
        )
        mock_uow.document_chunk_repository.list_by_document = AsyncMock(return_value=[])
    
        from app.ingestion.models.extraction import ExtractionResult
    
        mock_extraction_service.extract = AsyncMock(
            return_value=ExtractionResult(
                raw_text="Transcribed video text",
                pages=[],
                metadata={"language": "en"},
                page_count=None,
                character_count=24,
                duration=180.5,
                language="en",
            )
        )
    
        class MockChunk:
            def __init__(self, text):
                self.text = text
                self.chunk_index = 0
                self.page_number = None
                self.start_character = 0
                self.end_character = len(text)
                self.metadata = {}
    
        mock_chunking_service.chunk = AsyncMock(return_value=[MockChunk("Chunk 1")])
        mock_embedding_service.generate_embeddings = AsyncMock(return_value=[[0.1, 0.2]])
        mock_vector_index_service.count_vectors = AsyncMock(return_value=0)
        mock_llm_provider.generate_summary = AsyncMock(return_value="Video summary")
    
        service = DocumentProcessingServiceImpl(
            uow_factory=mock_uow_factory,
            extraction_service=mock_extraction_service,
            chunking_service=mock_chunking_service,
            embedding_service=mock_embedding_service,
            vector_index_service=mock_vector_index_service,
            llm_provider=mock_llm_provider,
        )
    
        # Execute
        await service.process(document_id)
    
        # Assert - all stages were called
>       mock_extraction_service.extract.assert_called_once()

tests\services\test_document_processing_service.py:901: 
_ _ _ _ _ _ _ _ _ _ _ _ _ _ _ _ _ _ _ _ _ _ _ _ _ _ _ _ _ _ _ _ _ _ _ _ _ _ _ _

self = <AsyncMock name='mock.extract' id='2341387490304'>

    def assert_called_once(self):
        """assert that the mock was called only once.
        """
        if not self.call_count == 1:
            msg = ("Expected '%s' to have been called once. Called %s times.%s"
                   % (self._mock_name or 'mock',
                      self.call_count,
                      self._calls_repr()))
>           raise AssertionError(msg)
E           AssertionError: Expected 'extract' to have been called once. Called 0 times.

C:\Python313\Lib\unittest\mock.py:958: AssertionError
_________ TestGetProcessingStatus.test_success_without_processing_job _________

self = <test_processing_status_service.TestGetProcessingStatus object at 0x0000022122794190>
service = <app.services.processing_status_service.ProcessingStatusServiceImpl object at 0x00000221242E0B90>
mock_uow = <AsyncMock id='2341342749296'>
sample_document = <Document(id=24450929-50a3-4dca-98b8-634b0926b954, stored_filename=test.pdf, file_type=PDF)>

    async def test_success_without_processing_job(self, service, mock_uow, sample_document):
        """Test successful status retrieval without processing job (uses document status)."""
        # Setup
        user_id = uuid4()
        sample_document.user_id = user_id
        sample_document.status = ProcessingStatus.COMPLETED
        sample_document.processed_at = datetime.now()
    
        mock_uow.document_repository.get_by_id.return_value = sample_document
        mock_uow.processing_job_repository.get_latest_by_document.return_value = None
    
        # Execute
        result = await service.get_processing_status(sample_document.id, user_id)
    
        # Assert
        assert result.document_id == sample_document.id
>       assert result.processing_status == ProcessingStatus.COMPLETED
E       AssertionError: assert <ProcessingSt... 'processing'> == <ProcessingSt...: 'completed'>
E         
E         - completed
E         + processing

tests\services\test_processing_status_service.py:122: AssertionError
_______________ TestGetProcessingStatus.test_document_not_found _______________

self = <test_processing_status_service.TestGetProcessingStatus object at 0x0000022122784510>
service = <app.services.processing_status_service.ProcessingStatusServiceImpl object at 0x00000221242E1D10>
mock_uow = <AsyncMock id='2341342755680'>

    async def test_document_not_found(self, service, mock_uow):
        """Test status retrieval when document does not exist."""
        # Setup
        document_id = uuid4()
        user_id = uuid4()
        mock_uow.document_repository.get_by_id.return_value = None
    
        # Execute & Assert
>       with pytest.raises(DocumentServiceException) as exc_info:
             ^^^^^^^^^^^^^^^^^^^^^^^^^^^^^^^^^^^^^^^
E       Failed: DID NOT RAISE DocumentServiceException

tests\services\test_processing_status_service.py:139: Failed
______________ TestGetProcessingStatus.test_unauthorized_access _______________

self = <test_processing_status_service.TestGetProcessingStatus object at 0x0000022122784640>
service = <app.services.processing_status_service.ProcessingStatusServiceImpl object at 0x00000221235E5A70>
mock_uow = <AsyncMock id='2341340446208'>
sample_document = <Document(id=8fd9ca45-9f8e-401e-a54d-6a54164a723f, stored_filename=test.pdf, file_type=PDF)>

    async def test_unauthorized_access(self, service, mock_uow, sample_document):
        """Test status retrieval when user does not own the document."""
        # Setup
        user_id = uuid4()
        owner_id = uuid4()
        sample_document.user_id = owner_id
    
        mock_uow.document_repository.get_by_id.return_value = sample_document
    
        # Execute & Assert
>       with pytest.raises(DocumentServiceException) as exc_info:
             ^^^^^^^^^^^^^^^^^^^^^^^^^^^^^^^^^^^^^^^
E       Failed: DID NOT RAISE DocumentServiceException

tests\services\test_processing_status_service.py:154: Failed
_________________ TestGetProcessingStatus.test_database_error _________________

self = <test_processing_status_service.TestGetProcessingStatus object at 0x0000022121E5E250>
service = <app.services.processing_status_service.ProcessingStatusServiceImpl object at 0x0000022125048D10>
mock_uow = <AsyncMock id='2341342520592'>

    async def test_database_error(self, service, mock_uow):
        """Test status retrieval when database error occurs."""
        # Setup
        document_id = uuid4()
        user_id = uuid4()
        mock_uow.document_repository.get_by_id.side_effect = Exception("Database error")
    
        # Execute & Assert
>       with pytest.raises(DocumentServiceException):
             ^^^^^^^^^^^^^^^^^^^^^^^^^^^^^^^^^^^^^^^
E       Failed: DID NOT RAISE DocumentServiceException

tests\services\test_processing_status_service.py:244: Failed
___ TestLocalStorageProvider.test_normalize_filename_removes_special_chars ____

self = <test_local_storage_provider.TestLocalStorageProvider object at 0x00000221227849D0>
storage_provider = <app.storage.providers.local_storage_provider.LocalStorageProvider object at 0x00000221297842B0>

    def test_normalize_filename_removes_special_chars(self, storage_provider):
        """Test that special characters are removed."""
>       assert storage_provider._normalize_filename("file@#$%^&*().pdf") == "file().pdf"
E       AssertionError: assert 'file.pdf' == 'file().pdf'
E         
E         - file().pdf
E         ?     --
E         + file.pdf

tests\storage\test_local_storage_provider.py:51: AssertionError
____________ TestFAISSVectorProvider.test_add_duplicate_vector_ids ____________

self = <tests.vectorstore.test_faiss_provider.TestFAISSVectorProvider object at 0x00000221226E6330>

    @pytest.mark.asyncio
    async def test_add_duplicate_vector_ids(self):
        """Test that duplicate vector IDs raise exception."""
        provider = FAISSVectorProvider()
        await provider.create_index(dimension=128)
    
        vector_ids = ["vec1", "vec1"]  # Duplicate
        vectors = [np.random.rand(128).astype(np.float32) for _ in range(2)]
    
>       with pytest.raises(DuplicateVectorException):
             ^^^^^^^^^^^^^^^^^^^^^^^^^^^^^^^^^^^^^^^
E       Failed: DID NOT RAISE DuplicateVectorException

tests\vectorstore\test_faiss_provider.py:82: Failed
___________ TestFAISSVectorProvider.test_search_dimension_mismatch ____________

self = <tests.vectorstore.test_faiss_provider.TestFAISSVectorProvider object at 0x00000221226C3020>

    @pytest.mark.asyncio
    async def test_search_dimension_mismatch(self):
        """Test that searching with wrong dimension raises exception."""
        provider = FAISSVectorProvider()
        await provider.create_index(dimension=128)
    
        query = np.random.rand(256).astype(np.float32)  # Wrong dimension
    
>       with pytest.raises(VectorDimensionMismatchException):
             ^^^^^^^^^^^^^^^^^^^^^^^^^^^^^^^^^^^^^^^^^^^^^^^
E       Failed: DID NOT RAISE VectorDimensionMismatchException

tests\vectorstore\test_faiss_provider.py:103: Failed
============================== warnings summary ===============================
..\..\..\..\AppData\Roaming\Python\Python313\site-packages\fastapi\testclient.py:1
  C:\Users\eshwar akhilesh\AppData\Roaming\Python\Python313\site-packages\fastapi\testclient.py:1: StarletteDeprecationWarning: Using `httpx` with `starlette.testclient` is deprecated; install `httpx2` instead.
    from starlette.testclient import TestClient as TestClient  # noqa

app\schemas\pagination.py:4
  C:\Users\eshwar akhilesh\OneDrive\Desktop\DocMind AI\backend\app\schemas\pagination.py:4: PydanticDeprecatedSince20: `pydantic.generics:GenericModel` has been moved to `pydantic.BaseModel`. Deprecated in Pydantic V2.0 to be removed in V3.0. See Pydantic V2 Migration Guide at https://errors.pydantic.dev/2.13/migration/
    from pydantic.generics import GenericModel

tests/api/test_auth.py: 16 warnings
tests/api/test_chat.py: 9 warnings
tests/api/test_conversations.py: 8 warnings
tests/api/test_documents.py: 40 warnings
tests/chat/test_groq_provider.py: 1 warning
tests/embeddings/test_sentence_transformer_provider.py: 341 warnings
tests/ingestion/test_whisper_transcription_provider.py: 1 warning
  C:\Users\eshwar akhilesh\OneDrive\Desktop\DocMind AI\backend\app\core\logging.py:15: DeprecationWarning: datetime.datetime.utcnow() is deprecated and scheduled for removal in a future version. Use timezone-aware objects to represent datetimes in UTC: datetime.datetime.now(datetime.UTC).
    "timestamp": datetime.utcnow().isoformat(),

tests/api/test_documents.py::TestUploadDocument::test_upload_oversized_file
  C:\Users\eshwar akhilesh\OneDrive\Desktop\DocMind AI\backend\app\api\v1\documents.py:149: StarletteDeprecationWarning: 'HTTP_413_REQUEST_ENTITY_TOO_LARGE' is deprecated. Use 'HTTP_413_CONTENT_TOO_LARGE' instead.
    file_type = await validate_file(file)

tests/embeddings/test_sentence_transformer_provider.py: 10 warnings
  C:\Users\eshwar akhilesh\OneDrive\Desktop\DocMind AI\backend\app\embeddings\providers\sentence_transformer_provider.py:53: FutureWarning: The `get_sentence_embedding_dimension` method has been renamed to `get_embedding_dimension`.
    self._dimension = self._model.get_sentence_embedding_dimension()

tests/keyword_search/test_bm25_provider.py::TestBM25Provider::test_add_duplicate_chunk
  C:\Users\eshwar akhilesh\AppData\Roaming\Python\Python313\site-packages\_pytest\nodes.py:336: RuntimeWarning: coroutine 'DocumentProcessingWorker.process' was never awaited
    return (x[1] for x in self.iter_markers_with_node(name=name))
  Enable tracemalloc to get traceback where the object was allocated.
  See https://docs.pytest.org/en/stable/how-to/capture-warnings.html#resource-warnings for more info.

tests/repositories/test_chat_message_repository.py::TestChatMessageRepository::test_create
  C:\Users\eshwar akhilesh\OneDrive\Desktop\DocMind AI\backend\app\repositories\sqlalchemy\chat_message_repository.py:41: RuntimeWarning: coroutine 'AsyncMockMixin._execute_mock_call' was never awaited
    self._session.add(message)
  Enable tracemalloc to get traceback where the object was allocated.
  See https://docs.pytest.org/en/stable/how-to/capture-warnings.html#resource-warnings for more info.

tests/repositories/test_chat_session_repository.py::TestChatSessionRepository::test_create
  C:\Users\eshwar akhilesh\OneDrive\Desktop\DocMind AI\backend\app\repositories\sqlalchemy\chat_session_repository.py:42: RuntimeWarning: coroutine 'AsyncMockMixin._execute_mock_call' was never awaited
    self._session.add(session)
  Enable tracemalloc to get traceback where the object was allocated.
  See https://docs.pytest.org/en/stable/how-to/capture-warnings.html#resource-warnings for more info.

tests/repositories/test_document_content_repository.py::TestSQLAlchemyDocumentContentRepository::test_create
  C:\Users\eshwar akhilesh\OneDrive\Desktop\DocMind AI\backend\app\repositories\sqlalchemy\document_content_repository.py:41: RuntimeWarning: coroutine 'AsyncMockMixin._execute_mock_call' was never awaited
    self._session.add(content)
  Enable tracemalloc to get traceback where the object was allocated.
  See https://docs.pytest.org/en/stable/how-to/capture-warnings.html#resource-warnings for more info.

tests/services/test_document_processing_service.py::TestAudioProcessing::test_complete_audio_pipeline
  C:\Python313\Lib\unittest\mock.py:2193: RuntimeWarning: coroutine 'AsyncMockMixin._execute_mock_call' was never awaited
    setattr(_type, entry, MagicProxy(entry, self))
  Enable tracemalloc to get traceback where the object was allocated.
  See https://docs.pytest.org/en/stable/how-to/capture-warnings.html#resource-warnings for more info.

tests/vectorstore/test_faiss_provider.py: 14 warnings
  <string>:6: DeprecationWarning: datetime.datetime.utcnow() is deprecated and scheduled for removal in a future version. Use timezone-aware objects to represent datetimes in UTC: datetime.datetime.now(datetime.UTC).

-- Docs: https://docs.pytest.org/en/stable/how-to/capture-warnings.html
=============================== tests coverage ================================
_______________ coverage: platform win32, python 3.13.3-final-0 _______________

Name                                                         Stmts   Miss  Cover   Missing
------------------------------------------------------------------------------------------
app\__init__.py                                                  0      0   100%
app\api\__init__.py                                              0      0   100%
app\api\dependencies.py                                         91     43    53%   49-56, 61-68, 73-80, 85-92, 97-104, 109-116, 121-136, 151-153, 194-195
app\api\v1\__init__.py                                           0      0   100%
app\api\v1\api.py                                                7      0   100%
app\api\v1\auth.py                                              56      7    88%   242-251, 285-293
app\api\v1\chat.py                                             113     22    81%   83-85, 132-135, 148-150, 180-182, 253-264, 352-356
app\api\v1\documents.py                                        151     21    86%   55, 65, 74, 94, 220-221, 274-276, 322-323, 366-371, 417-418, 466-467, 518-523
app\api\v1\health.py                                            73     62    15%   15-16, 29-132
app\chat\__init__.py                                             4      0   100%
app\chat\exceptions\__init__.py                                  2      0   100%
app\chat\exceptions\exceptions.py                                6      0   100%
app\chat\interfaces\__init__.py                                  2      0   100%
app\chat\interfaces\intent_classifier.py                         5      5     0%   3-22
app\chat\interfaces\llm_provider.py                             11      3    73%   36, 59, 81
app\chat\interfaces\response_formatter.py                        5      5     0%   3-23
app\chat\interfaces\retrieval_strategy.py                        7      7     0%   3-39
app\chat\models\__init__.py                                      3      0   100%
app\chat\models\chat_response.py                                12      1    92%   24
app\chat\models\citation.py                                     11      1    91%   23
app\chat\models\source.py                                       12      1    92%   23
app\chat\prompts\__init__.py                                     2      0   100%
app\chat\prompts\templates.py                                   18      1    94%   64
app\chat\providers\__init__.py                                   2      0   100%
app\chat\providers\groq_provider.py                             78     13    83%   50, 67-69, 73, 77, 100-105, 131, 187
app\chat\services\__init__.py                                    2      0   100%
app\chat\services\chat_service.py                              164      8    95%   204, 288, 295, 327-328, 464-466
app\chat\workflows\__init__.py                                  19     19     0%   3-26
app\chat\workflows\action_items.py                              29     29     0%   3-60
app\chat\workflows\base.py                                      39     39     0%   3-89
app\chat\workflows\compare.py                                   29     29     0%   3-60
app\chat\workflows\explain.py                                   29     29     0%   3-60
app\chat\workflows\key_findings.py                              29     29     0%   3-60
app\chat\workflows\mcq.py                                       29     29     0%   3-74
app\chat\workflows\qa.py                                        29     29     0%   3-63
app\chat\workflows\registry.py                                  12     12     0%   3-27
app\chat\workflows\summarize.py                                 39     39     0%   3-76
app\chat\workflows\timeline.py                                  29     29     0%   3-60
app\chunking\__init__.py                                         3      0   100%
app\chunking\interfaces\__init__.py                              2      0   100%
app\chunking\interfaces\chunk_strategy.py                        6      1    83%   25
app\chunking\models\__init__.py                                  2      0   100%
app\chunking\models\chunk.py                                    12      1    92%   23
app\chunking\strategies\__init__.py                              2      0   100%
app\chunking\strategies\recursive_text_chunk_strategy.py        80      4    95%   98-100, 219
app\core\__init__.py                                             0      0   100%
app\core\bootstrap.py                                          167     16    90%   104, 167-168, 174, 180-183, 230-231, 286, 290-291, 354-356
app\core\config.py                                              72      2    97%   110, 118
app\core\constants.py                                           31      0   100%
app\core\exceptions.py                                          24      8    67%   14-15, 20, 29, 38, 47, 56, 65
app\core\logging.py                                             31      3    90%   25, 28, 46
app\core\security.py                                            68     39    43%   47, 60, 81-97, 111, 125, 143-174, 191, 203
app\db\__init__.py                                               0      0   100%
app\db\base.py                                                  12      0   100%
app\db\migration_verification.py                                82     65    21%   42-82, 93-110, 123-159, 163-165, 179-180
app\db\session.py                                               15      1    93%   32
app\db\unit_of_work.py                                         143     40    72%   40, 46, 52, 58, 64, 70, 76, 81, 86, 91, 96, 101, 135-137, 142-144, 149-151, 156-158, 170-172, 177-179, 183-188, 194-195, 201-202
app\dependencies\__init__.py                                     0      0   100%
app\dependencies\common.py                                       4      4     0%   1-7
app\embeddings\__init__.py                                       3      0   100%
app\embeddings\exceptions\__init__.py                            2      0   100%
app\embeddings\exceptions\exceptions.py                          2      0   100%
app\embeddings\interfaces\__init__.py                            2      0   100%
app\embeddings\interfaces\embedding_provider.py                 12      3    75%   28, 43, 52
app\embeddings\models\__init__.py                                2      2     0%   3-5
app\embeddings\models\embedding.py                              10     10     0%   3-22
app\embeddings\providers\__init__.py                             2      0   100%
app\embeddings\providers\sentence_transformer_provider.py       48      6    88%   76-78, 104-106
app\ingestion\__init__.py                                        3      0   100%
app\ingestion\exceptions\__init__.py                             2      0   100%
app\ingestion\exceptions\exceptions.py                          13      4    69%   14-15, 29-30
app\ingestion\factory\__init__.py                                2      0   100%
app\ingestion\factory\processor_factory.py                      35     19    46%   29-31, 37-51, 60, 74-77, 88
app\ingestion\interfaces\__init__.py                             5      0   100%
app\ingestion\interfaces\chunk_strategy.py                       6      1    83%   25
app\ingestion\interfaces\file_processor.py                      11      2    82%   26, 41
app\ingestion\interfaces\text_extractor.py                       7      1    86%   28
app\ingestion\interfaces\text_normalizer.py                      6      1    83%   24
app\ingestion\interfaces\transcription_provider.py               7      1    86%   29
app\ingestion\models\__init__.py                                 2      0   100%
app\ingestion\models\extraction.py                              21      0   100%
app\ingestion\pipeline\__init__.py                               2      0   100%
app\ingestion\pipeline\ingestion_pipeline.py                    21     10    52%   38-39, 56-65, 79-82
app\ingestion\providers\__init__.py                              1      0   100%
app\ingestion\providers\audio\audio_processor.py                30      0   100%
app\ingestion\providers\docx\docx_extractor.py                  23     15    35%   34-73
app\ingestion\providers\docx\docx_processor.py                  19      8    58%   27, 31, 45-60
app\ingestion\providers\pdf\__init__.py                          3      0   100%
app\ingestion\providers\pdf\pdf_extractor.py                    94     80    15%   41-111, 133-157, 169-200
app\ingestion\providers\pdf\pdf_processor.py                    27     15    44%   28, 39, 53-80
app\ingestion\providers\video\video_processor.py                30      0   100%
app\ingestion\providers\whisper_transcription_provider.py       99     10    90%   51, 93, 114-119, 145-147
app\jobs\__init__.py                                             3      0   100%
app\jobs\dispatchers\__init__.py                                 2      0   100%
app\jobs\dispatchers\in_process_dispatcher.py                   45      4    91%   79, 130-132
app\jobs\exceptions\__init__.py                                  2      0   100%
app\jobs\exceptions\exceptions.py                                4      0   100%
app\jobs\interfaces\__init__.py                                  2      0   100%
app\jobs\interfaces\job_dispatcher.py                            9      2    78%   25, 37
app\jobs\models\__init__.py                                      1      1     0%   3
app\jobs\workers\__init__.py                                     2      0   100%
app\jobs\workers\document_processing_worker.py                 152     29    81%   109-121, 166-167, 184-185, 214-215, 226-227, 244-245, 260-261, 278-279, 296-297, 309-310
app\keyword_search\exceptions\exceptions.py                      8      0   100%
app\keyword_search\interfaces\__init__.py                        2      0   100%
app\keyword_search\interfaces\keyword_index_provider.py         33     10    70%   25, 39, 51, 63, 75, 91, 103, 115, 129, 138
app\keyword_search\providers\__init__.py                         2      0   100%
app\keyword_search\providers\bm25_provider.py                  150     29    81%   74-76, 102-104, 119-121, 145, 152, 156-158, 173-175, 223-225, 257-259, 287-289, 305-307
app\keyword_search\services\__init__.py                          2      0   100%
app\keyword_search\services\keyword_index_service.py            70     23    67%   48-49, 53-55, 70-72, 95-97, 110-112, 126-128, 142-144, 158-160
app\main.py                                                     48     18    62%   20-46
app\middleware\__init__.py                                       0      0   100%
app\middleware\cors.py                                           6      0   100%
app\middleware\error_handler.py                                 25      5    80%   17-19, 66-71
app\models\__init__.py                                           9      0   100%
app\models\audit_mixin.py                                        5      5     0%   1-29
app\models\chat_message.py                                      16      1    94%   34
app\models\chat_session.py                                      15      1    93%   36
app\models\document.py                                          24      0   100%
app\models\document_chunk.py                                    22      1    95%   40
app\models\document_content.py                                  21      1    95%   49
app\models\enums.py                                             22      0   100%
app\models\file_metadata.py                                      9      0   100%
app\models\processing_job.py                                    23      1    96%   51
app\models\soft_delete.py                                       12     12     0%   1-60
app\models\user.py                                              15      1    93%   35
app\repositories\__init__.py                                     0      0   100%
app\repositories\base.py                                         6      6     0%   1-12
app\repositories\exceptions.py                                  17      4    76%   23-26
app\repositories\interfaces\__init__.py                          0      0   100%
app\repositories\interfaces\chat.py                             13     13     0%   1-59
app\repositories\interfaces\chat_message.py                     19      5    74%   29, 44, 63, 75, 88
app\repositories\interfaces\chat_session.py                     25      7    72%   29, 44, 63, 67, 80, 95, 120
app\repositories\interfaces\document.py                         25      0   100%
app\repositories\interfaces\document_chunk.py                   25      7    72%   29, 44, 63, 75, 90, 105, 118
app\repositories\interfaces\document_content.py                 25      7    72%   29, 44, 59, 75, 92, 105, 117
app\repositories\interfaces\processing_job.py                   27      0   100%
app\repositories\interfaces\user.py                             14      0   100%
app\repositories\sqlalchemy\__init__.py                          0      0   100%
app\repositories\sqlalchemy\chat_message_repository.py          57     15    74%   46-48, 67-69, 96-98, 117-119, 143-145
app\repositories\sqlalchemy\chat_session_repository.py          78     22    72%   47-49, 68-70, 97-99, 123-125, 144-146, 208, 220-222, 227-229
app\repositories\sqlalchemy\document_chunk_repository.py        73     55    25%   26, 40-48, 62-69, 87-98, 109-117, 131-138, 152-162, 174-186
app\repositories\sqlalchemy\document_content_repository.py      91     40    56%   46-48, 67-69, 88-90, 117-119, 135-149, 171-173, 184-198
app\repositories\sqlalchemy\document_repository.py             101     79    22%   27, 41-49, 63-68, 84-95, 110-124, 136-148, 162-170, 184-191, 210-224, 243-257, 271-278
app\repositories\sqlalchemy\processing_job_repository.py       180    132    27%   42-50, 64-71, 97, 99-100, 115-129, 141-153, 177-196, 212-226, 242-253, 258, 260, 275-294, 309-322, 336-350, 364-376
app\repositories\sqlalchemy\user_repository.py                  82     66    20%   28, 43-57, 71-79, 93-101, 116-139, 151-164
app\retrieval\__init__.py                                        3      0   100%
app\retrieval\exceptions\__init__.py                             2      0   100%
app\retrieval\exceptions\exceptions.py                           6      0   100%
app\retrieval\interfaces\__init__.py                             2      0   100%
app\retrieval\interfaces\retriever.py                            7      1    86%   39
app\retrieval\models\__init__.py                                 3      0   100%
app\retrieval\models\index_metadata.py                          14      0   100%
app\retrieval\models\relevant_chunk.py                          15      0   100%
app\retrieval\services\__init__.py                               2      0   100%
app\retrieval\services\retriever_service.py                    135     23    83%   135, 161-166, 231-241, 274-275, 281-282, 309, 316
app\schemas\__init__.py                                         10      0   100%
app\schemas\auth.py                                             39      0   100%
app\schemas\chat.py                                             45      0   100%
app\schemas\common.py                                            6      0   100%
app\schemas\document.py                                         45      0   100%
app\schemas\error.py                                            15      0   100%
app\schemas\pagination.py                                       33      9    73%   29, 34, 68-72, 77, 82
app\schemas\processing.py                                       12      0   100%
app\schemas\processing_status.py                                17      0   100%
app\schemas\summary.py                                           6      0   100%
app\schemas\upload.py                                            7      0   100%
app\services\__init__.py                                         0      0   100%
app\services\authentication_service.py                          76      0   100%
app\services\base.py                                             4      4     0%   1-9
app\services\chunking_service.py                                20     10    50%   41-56
app\services\conversation_service.py                            79     24    70%   82-84, 144-146, 156-179
app\services\document_download_service.py                       39      5    87%   81-85
app\services\document_processing_service.py                    266    142    47%   106, 112-116, 125-209, 234, 257-261, 307-311, 331-333, 338, 357-366, 388-409, 433-457, 469-495, 523, 525, 527, 529, 537-542, 575-586, 598-600, 613-622, 638-639
app\services\document_service.py                               153    135    12%   48-51, 66-118, 143-211, 237-325, 340-370
app\services\dto.py                                              6      0   100%
app\services\embedding_service.py                               18      9    50%   40-54
app\services\exceptions.py                                      31      2    94%   22-23
app\services\extraction_service.py                              20      8    60%   43-57
app\services\interfaces\__init__.py                              0      0   100%
app\services\interfaces\auth.py                                 12      0   100%
app\services\interfaces\chat.py                                 12     12     0%   1-63
app\services\interfaces\document.py                             13      0   100%
app\services\interfaces\document_download.py                     5      0   100%
app\services\interfaces\document_processing.py                  27      8    70%   30, 34, 38, 42, 46, 50, 54, 58
app\services\interfaces\embedding.py                            10     10     0%   1-50
app\services\interfaces\llm.py                                  10     10     0%   1-61
app\services\interfaces\processing.py                           10     10     0%   1-49
app\services\interfaces\processing_status.py                     6      0   100%
app\services\interfaces\recovery.py                             14     14     0%   3-59
app\services\interfaces\speech_to_text.py                        9      9     0%   1-48
app\services\interfaces\storage.py                              11     11     0%   1-57
app\services\interfaces\user.py                                 14      0   100%
app\services\processing_status_service.py                       37      5    86%   105-109
app\services\recovery_service.py                                86     86     0%   3-195
app\services\user_service.py                                    69     53    23%   49-72, 86-92, 108-123, 137-151, 167-193
app\services\vector_index_service.py                            48     34    29%   48-72, 87-98, 109-122
app\storage\__init__.py                                          4      0   100%
app\storage\exceptions\__init__.py                               2      0   100%
app\storage\exceptions\exceptions.py                             9      0   100%
app\storage\interfaces\__init__.py                               2      0   100%
app\storage\interfaces\storage_provider.py                      18      5    72%   34, 47, 59, 75, 94
app\storage\providers\__init__.py                                2      0   100%
app\storage\providers\local_storage_provider.py                 77      7    91%   133, 154, 156, 170-171, 198, 200
app\utils\__init__.py                                            0      0   100%
app\utils\helpers.py                                             2      2     0%   4-6
app\vectorstore\__init__.py                                      3      0   100%
app\vectorstore\exceptions\__init__.py                           2      0   100%
app\vectorstore\exceptions\exceptions.py                         8      0   100%
app\vectorstore\interfaces\__init__.py                           2      0   100%
app\vectorstore\interfaces\vector_index_provider.py             25      7    72%   27, 42, 60, 73, 85, 98, 110
app\vectorstore\models\__init__.py                               2      0   100%
app\vectorstore\models\search_result.py                          7      1    86%   18
app\vectorstore\providers\__init__.py                            2      0   100%
app\vectorstore\providers\faiss_provider.py                    200     46    77%   92-94, 111, 129, 152-154, 177-183, 194, 219-221, 254-256, 295, 298-300, 340-349, 360, 365-367, 389, 393, 399, 430-439, 447-451
app\workers\__init__.py                                          0      0   100%
app\workers\base.py                                              3      3     0%   4-9
------------------------------------------------------------------------------------------
TOTAL                                                         5975   2191    63%
=========================== short test summary info ===========================
FAILED tests/chat/test_groq_provider.py::TestGenerateSummary::test_generate_summary_no_api_key
FAILED tests/db/test_migration_verification.py::TestMigrationVerifier::test_initialization
FAILED tests/db/test_migration_verification.py::TestMigrationVerifier::test_get_head_revision_success
FAILED tests/db/test_migration_verification.py::TestMigrationVerifier::test_get_head_revision_no_migrations
FAILED tests/db/test_migration_verification.py::TestMigrationVerifier::test_get_head_revision_error
FAILED tests/db/test_migration_verification.py::TestMigrationVerifier::test_get_current_revision_success
FAILED tests/db/test_migration_verification.py::TestMigrationVerifier::test_get_current_revision_unreachable
FAILED tests/db/test_migration_verification.py::TestMigrationVerifier::test_verify_migrations_up_to_date
FAILED tests/db/test_migration_verification.py::TestMigrationVerifier::test_verify_migrations_pending
FAILED tests/db/test_migration_verification.py::TestMigrationVerifier::test_verify_migrations_unreachable
FAILED tests/db/test_migration_verification.py::TestMigrationVerifier::test_verify_migrations_no_migrations
FAILED tests/embeddings/test_sentence_transformer_provider.py::TestSentenceTransformerEmbeddingProvider::test_generate_embeddings_multiple_texts
FAILED tests/ingestion/test_whisper_transcription_provider.py::TestWhisperTranscriptionProvider::test_transcribe_no_api_key
FAILED tests/ingestion/test_whisper_transcription_provider.py::TestWhisperTranscriptionProvider::test_context_manager
FAILED tests/jobs/test_document_processing_worker.py::TestDocumentProcessingWorker::test_stage_failure_with_retry_increment
FAILED tests/jobs/test_document_processing_worker.py::TestDocumentProcessingWorker::test_no_job_found
FAILED tests/jobs/test_document_processing_worker.py::TestDocumentProcessingWorker::test_progress_updates_per_stage
FAILED tests/jobs/test_in_process_dispatcher.py::TestInProcessJobDispatcher::test_init
FAILED tests/keyword_search/test_bm25_provider.py::TestBM25Provider::test_search
FAILED tests/keyword_search/test_keyword_index_service.py::TestKeywordIndexService::test_initialize_index_loads_existing
FAILED tests/retrieval/test_hybrid_retrieval.py::TestHybridRetrieval::test_semantic_only_retrieval
FAILED tests/retrieval/test_hybrid_retrieval.py::TestHybridRetrieval::test_keyword_only_retrieval
FAILED tests/retrieval/test_hybrid_retrieval.py::TestHybridRetrieval::test_hybrid_retrieval_merge
FAILED tests/retrieval/test_hybrid_retrieval.py::TestHybridRetrieval::test_duplicate_merging_preserves_highest_score
FAILED tests/services/test_authentication_service.py::TestLogin::test_login_unknown_email
FAILED tests/services/test_authentication_service.py::TestLogin::test_login_inactive_user
FAILED tests/services/test_authentication_service.py::TestLogin::test_login_invalid_password
FAILED tests/services/test_authentication_service.py::TestRefreshToken::test_refresh_token_user_not_found
FAILED tests/services/test_authentication_service.py::TestRefreshToken::test_refresh_token_inactive_user
FAILED tests/services/test_authentication_service.py::TestVerifyToken::test_verify_token_user_not_found
FAILED tests/services/test_authentication_service.py::TestVerifyToken::test_verify_token_inactive_user
FAILED tests/services/test_conversation_service.py::TestConversationService::test_list_conversations_success
FAILED tests/services/test_document_download_service.py::TestDownloadDocument::test_document_not_found
FAILED tests/services/test_document_download_service.py::TestDownloadDocument::test_unauthorized_access
FAILED tests/services/test_document_download_service.py::TestDownloadDocument::test_file_not_in_storage
FAILED tests/services/test_document_download_service.py::TestDownloadDocument::test_database_error
FAILED tests/services/test_document_processing_service.py::TestSummarizeDocument::test_summarize_document_no_content
FAILED tests/services/test_document_processing_service.py::TestSummarizeDocument::test_summarize_document_no_raw_text
FAILED tests/services/test_document_processing_service.py::TestSummarizeDocument::test_summarize_document_llm_failure
FAILED tests/services/test_document_processing_service.py::TestAudioProcessing::test_audio_transcription_failure
FAILED tests/services/test_document_processing_service.py::TestAudioProcessing::test_audio_summarization_after_transcription
FAILED tests/services/test_document_processing_service.py::TestAudioProcessing::test_audio_chunking_after_transcription
FAILED tests/services/test_document_processing_service.py::TestAudioProcessing::test_complete_audio_pipeline
FAILED tests/services/test_document_processing_service.py::TestVideoProcessing::test_video_transcription_failure
FAILED tests/services/test_document_processing_service.py::TestVideoProcessing::test_video_summarization_after_transcription
FAILED tests/services/test_document_processing_service.py::TestVideoProcessing::test_video_chunking_after_transcription
FAILED tests/services/test_document_processing_service.py::TestVideoProcessing::test_complete_video_pipeline
FAILED tests/services/test_processing_status_service.py::TestGetProcessingStatus::test_success_without_processing_job
FAILED tests/services/test_processing_status_service.py::TestGetProcessingStatus::test_document_not_found
FAILED tests/services/test_processing_status_service.py::TestGetProcessingStatus::test_unauthorized_access
FAILED tests/services/test_processing_status_service.py::TestGetProcessingStatus::test_database_error
FAILED tests/storage/test_local_storage_provider.py::TestLocalStorageProvider::test_normalize_filename_removes_special_chars
FAILED tests/vectorstore/test_faiss_provider.py::TestFAISSVectorProvider::test_add_duplicate_vector_ids
FAILED tests/vectorstore/test_faiss_provider.py::TestFAISSVectorProvider::test_search_dimension_mismatch
===== 54 failed, 354 passed, 5 skipped, 448 warnings in 142.62s (0:02:22) =====
